

================================================================
== Vitis HLS Report for 'cpu_Pipeline_VITIS_LOOP_22_1'
================================================================
* Date:           Sun Jan 25 20:17:44 2026

* Version:        2025.2 (Build 6295257 on Nov 12 2025)
* Project:        hls_riscv_csim_phase1
* Solution:       hls (Vivado IP Flow Target)
* Product family: azynq
* Target device:  xa7z010-clg225-1I


================================================================
== Performance Estimates
================================================================
+ Timing: 
    * Summary: 
    +--------+----------+----------+------------+
    |  Clock |  Target  | Estimated| Uncertainty|
    +--------+----------+----------+------------+
    |ap_clk  |  10.00 ns|  6.667 ns|     2.70 ns|
    +--------+----------+----------+------------+

+ Latency: 
    * Summary: 
    +---------+---------+----------+----------+-----+-----+-------------------+
    |  Latency (cycles) |  Latency (absolute) |  Interval |      Pipeline     |
    |   min   |   max   |    min   |    max   | min | max |        Type       |
    +---------+---------+----------+----------+-----+-----+-------------------+
    |       34|       34|  0.340 us|  0.340 us|    0|    0|  loop pipeline stp|
    +---------+---------+----------+----------+-----+-----+-------------------+

    + Detail: 
        * Instance: 
        N/A

        * Loop: 
        +-------------------+---------+---------+----------+-----------+-----------+------+----------+
        |                   |  Latency (cycles) | Iteration|  Initiation Interval  | Trip |          |
        |     Loop Name     |   min   |   max   |  Latency |  achieved |   target  | Count| Pipelined|
        +-------------------+---------+---------+----------+-----------+-----------+------+----------+
        |- VITIS_LOOP_22_1  |       32|       32|         1|          1|          1|    32|       yes|
        +-------------------+---------+---------+----------+-----------+-----------+------+----------+

============================================================
+ Verbose Summary: Synthesis Manager
============================================================
InlineROM: 1
ExposeGlobal: 0
============================================================
+ Verbose Summary: CDFG Model
============================================================
IsTopModel: 0
ResetActiveHigh: 1
IsCombinational: 0
IsDatapathOnly: 0
HasWiredReturn: 1
HasMFsm: 2
HasVarLatency: 1
IsPipeline: 0
IsRtlPipelined: 0
IsInstanceOverlapped: 0
IsDontTouch: 0
HasImplIP: 0
IsGatedGlobalClock: 0

+ Individual pipeline summary: 
  * Pipeline-0: initiation interval (II) = 1, depth = 1


============================================================
+ Verbose Summary: Schedule
============================================================
* Number of FSM states : 1
* Pipeline : 1
  Pipeline-0 : II = 1, D = 1, States = { 1 }
* Dataflow Pipeline: 0

* FSM state transitions: 
1 --> 

* FSM state operations: 

State 1 <SV = 0> <Delay = 6.66>
ST_1 : Operation 4 [1/1] (0.00ns)   --->   "%i = alloca i32 1" [../RISCV-RV32I-H1/riscv32i.cc:22]   --->   Operation 4 'alloca' 'i' <Predicate = true> <Delay = 0.00>
ST_1 : Operation 5 [1/1] (1.58ns)   --->   "%store_ln22 = store i6 0, i6 %i" [../RISCV-RV32I-H1/riscv32i.cc:22]   --->   Operation 5 'store' 'store_ln22' <Predicate = true> <Delay = 1.58>
ST_1 : Operation 6 [1/1] (0.00ns)   --->   "%br_ln0 = br void %for.inc"   --->   Operation 6 'br' 'br_ln0' <Predicate = true> <Delay = 0.00>
ST_1 : Operation 7 [1/1] (0.00ns)   --->   "%i_1 = load i6 %i" [../RISCV-RV32I-H1/riscv32i.cc:22]   --->   Operation 7 'load' 'i_1' <Predicate = true> <Delay = 0.00>
ST_1 : Operation 8 [1/1] (1.82ns)   --->   "%icmp_ln22 = icmp_eq  i6 %i_1, i6 32" [../RISCV-RV32I-H1/riscv32i.cc:22]   --->   Operation 8 'icmp' 'icmp_ln22' <Predicate = true> <Delay = 1.82> <CoreInst = "Cmp">   --->   Core 9 'Cmp' <Latency = 0> <II = 1> <Delay = 1.82> <FuncUnit> <Opcode : 'seteq' 'setne' 'setle' 'setge' 'setlt' 'setgt'> <InPorts = 2> <OutPorts = 1>
ST_1 : Operation 9 [1/1] (1.82ns)   --->   "%add_ln22 = add i6 %i_1, i6 1" [../RISCV-RV32I-H1/riscv32i.cc:22]   --->   Operation 9 'add' 'add_ln22' <Predicate = true> <Delay = 1.82> <CoreInst = "Adder">   --->   Core 1 'Adder' <Latency = 0> <II = 1> <Delay = 1.82> <FuncUnit> <Opcode : 'add' 'sub'> <InPorts = 2> <OutPorts = 1>
ST_1 : Operation 10 [1/1] (0.00ns)   --->   "%br_ln22 = br i1 %icmp_ln22, void %for.inc.split, void %while.body.preheader.exitStub" [../RISCV-RV32I-H1/riscv32i.cc:22]   --->   Operation 10 'br' 'br_ln22' <Predicate = true> <Delay = 0.00>
ST_1 : Operation 11 [1/1] (0.00ns)   --->   "%zext_ln22 = zext i6 %i_1" [../RISCV-RV32I-H1/riscv32i.cc:22]   --->   Operation 11 'zext' 'zext_ln22' <Predicate = (!icmp_ln22)> <Delay = 0.00>
ST_1 : Operation 12 [1/1] (0.00ns)   --->   "%specpipeline_ln22 = specpipeline void @_ssdm_op_SpecPipeline, i32 4294967295, i32 0, i32 0, i32 0, i32 4294967295, void @empty_0" [../RISCV-RV32I-H1/riscv32i.cc:22]   --->   Operation 12 'specpipeline' 'specpipeline_ln22' <Predicate = (!icmp_ln22)> <Delay = 0.00>
ST_1 : Operation 13 [1/1] (0.00ns)   --->   "%speclooptripcount_ln22 = speclooptripcount void @_ssdm_op_SpecLoopTripCount, i64 32, i64 32, i64 32" [../RISCV-RV32I-H1/riscv32i.cc:22]   --->   Operation 13 'speclooptripcount' 'speclooptripcount_ln22' <Predicate = (!icmp_ln22)> <Delay = 0.00>
ST_1 : Operation 14 [1/1] (0.00ns)   --->   "%specloopname_ln22 = specloopname void @_ssdm_op_SpecLoopName, void @empty_4" [../RISCV-RV32I-H1/riscv32i.cc:22]   --->   Operation 14 'specloopname' 'specloopname_ln22' <Predicate = (!icmp_ln22)> <Delay = 0.00>
ST_1 : Operation 15 [1/1] (0.00ns)   --->   "%reg_file_addr = getelementptr i32 %reg_file, i64 0, i64 %zext_ln22" [../RISCV-RV32I-H1/riscv32i.cc:23]   --->   Operation 15 'getelementptr' 'reg_file_addr' <Predicate = (!icmp_ln22)> <Delay = 0.00>
ST_1 : Operation 16 [1/1] ( I:3.25ns O:3.25ns )   --->   "%store_ln23 = store i32 0, i5 %reg_file_addr" [../RISCV-RV32I-H1/riscv32i.cc:23]   --->   Operation 16 'store' 'store_ln23' <Predicate = (!icmp_ln22)> <Delay = 3.25> <CoreInst = "RAM_1WnR">   --->   Core 82 'RAM_1WnR' <Latency = 1> <II = 1> <Delay = 3.25> <Storage> <Opcode : 'load' 'store'> <Ports = 17> <Width = 32> <Depth = 32> <RAM>
ST_1 : Operation 17 [1/1] (1.58ns)   --->   "%store_ln22 = store i6 %add_ln22, i6 %i" [../RISCV-RV32I-H1/riscv32i.cc:22]   --->   Operation 17 'store' 'store_ln22' <Predicate = (!icmp_ln22)> <Delay = 1.58>
ST_1 : Operation 18 [1/1] (0.00ns)   --->   "%br_ln22 = br void %for.inc" [../RISCV-RV32I-H1/riscv32i.cc:22]   --->   Operation 18 'br' 'br_ln22' <Predicate = (!icmp_ln22)> <Delay = 0.00>
ST_1 : Operation 19 [1/1] (1.58ns)   --->   "%ret_ln0 = ret"   --->   Operation 19 'ret' 'ret_ln0' <Predicate = (icmp_ln22)> <Delay = 1.58>


============================================================
+ Verbose Summary: Binding
============================================================
STG Binding: 
---------------- STG Properties BEGIN ----------------
- Is combinational: 0
- Is one-state seq: 0
- Is datapath-only: 0
- Is pipelined: 0
- Is top level: 0
Port [ Return ] is wired: 1; IO mode=ap_ctrl_hs:ce=0
Port [ reg_file]:  wired=1; compound=1; hidden=0; nouse=0; global=0; static=0; extern=0; dir=1; type=1; pingpong=0; private_global=0; MemPort=[03333333333333333]; IO mode=ap_memory:ce=0
---------------- STG Properties END ------------------

---------------- Datapath Model BEGIN ----------------

<LifeTime>
<method=bitvector/>
i                      (alloca           ) [ 01]
store_ln22             (store            ) [ 00]
br_ln0                 (br               ) [ 00]
i_1                    (load             ) [ 00]
icmp_ln22              (icmp             ) [ 01]
add_ln22               (add              ) [ 00]
br_ln22                (br               ) [ 00]
zext_ln22              (zext             ) [ 00]
specpipeline_ln22      (specpipeline     ) [ 00]
speclooptripcount_ln22 (speclooptripcount) [ 00]
specloopname_ln22      (specloopname     ) [ 00]
reg_file_addr          (getelementptr    ) [ 00]
store_ln23             (store            ) [ 00]
store_ln22             (store            ) [ 00]
br_ln22                (br               ) [ 00]
ret_ln0                (ret              ) [ 00]
</LifeTime>

<model>

<comp_list>
<comp id="0" class="1000" name="reg_file">
<pin_list>
<pin id="1" dir="1" index="0" bw="1" slack="0"/>
</pin_list>
<bind>
<StgValue><ssdm name="reg_file"/><MemPortTyVec>0 3 3 3 3 3 3 3 3 3 3 3 3 3 3 3 3 </MemPortTyVec>
</StgValue>
</bind>
</comp>

<comp id="2" class="1001" name="const_2">
<pin_list>
<pin id="3" dir="1" index="0" bw="1" slack="0"/>
</pin_list>
<bind>
<StgValue><ssdm name=""/></StgValue>
</bind>
</comp>

<comp id="4" class="1001" name="const_4">
<pin_list>
<pin id="5" dir="1" index="0" bw="1" slack="0"/>
</pin_list>
<bind>
<StgValue><ssdm name=""/></StgValue>
</bind>
</comp>

<comp id="6" class="1001" name="const_6">
<pin_list>
<pin id="7" dir="1" index="0" bw="1" slack="0"/>
</pin_list>
<bind>
<StgValue><ssdm name=""/></StgValue>
</bind>
</comp>

<comp id="8" class="1001" name="const_8">
<pin_list>
<pin id="9" dir="1" index="0" bw="1" slack="0"/>
</pin_list>
<bind>
<StgValue><ssdm name=""/></StgValue>
</bind>
</comp>

<comp id="10" class="1001" name="const_10">
<pin_list>
<pin id="11" dir="1" index="0" bw="1" slack="2147483647"/>
</pin_list>
<bind>
<StgValue><ssdm name="_ssdm_op_SpecPipeline"/></StgValue>
</bind>
</comp>

<comp id="12" class="1001" name="const_12">
<pin_list>
<pin id="13" dir="1" index="0" bw="1" slack="2147483647"/>
</pin_list>
<bind>
<StgValue><ssdm name=""/></StgValue>
</bind>
</comp>

<comp id="14" class="1001" name="const_14">
<pin_list>
<pin id="15" dir="1" index="0" bw="1" slack="0"/>
</pin_list>
<bind>
<StgValue><ssdm name=""/></StgValue>
</bind>
</comp>

<comp id="16" class="1001" name="const_16">
<pin_list>
<pin id="17" dir="1" index="0" bw="1" slack="2147483647"/>
</pin_list>
<bind>
<StgValue><ssdm name="empty_0"/></StgValue>
</bind>
</comp>

<comp id="18" class="1001" name="const_18">
<pin_list>
<pin id="19" dir="1" index="0" bw="1" slack="2147483647"/>
</pin_list>
<bind>
<StgValue><ssdm name="_ssdm_op_SpecLoopTripCount"/></StgValue>
</bind>
</comp>

<comp id="20" class="1001" name="const_20">
<pin_list>
<pin id="21" dir="1" index="0" bw="1" slack="2147483647"/>
</pin_list>
<bind>
<StgValue><ssdm name=""/></StgValue>
</bind>
</comp>

<comp id="22" class="1001" name="const_22">
<pin_list>
<pin id="23" dir="1" index="0" bw="1" slack="2147483647"/>
</pin_list>
<bind>
<StgValue><ssdm name="_ssdm_op_SpecLoopName"/></StgValue>
</bind>
</comp>

<comp id="24" class="1001" name="const_24">
<pin_list>
<pin id="25" dir="1" index="0" bw="1" slack="2147483647"/>
</pin_list>
<bind>
<StgValue><ssdm name="empty_4"/></StgValue>
</bind>
</comp>

<comp id="26" class="1001" name="const_26">
<pin_list>
<pin id="27" dir="1" index="0" bw="1" slack="0"/>
</pin_list>
<bind>
<StgValue><ssdm name=""/></StgValue>
</bind>
</comp>

<comp id="28" class="1004" name="i_fu_28">
<pin_list>
<pin id="29" dir="0" index="0" bw="1" slack="0"/>
<pin id="30" dir="1" index="1" bw="6" slack="0"/>
</pin_list>
<bind>
<opcode="alloca(26) " fcode="alloca"/>
<opset="i/1 "/>
</bind>
</comp>

<comp id="32" class="1004" name="reg_file_addr_gep_fu_32">
<pin_list>
<pin id="33" dir="0" index="0" bw="32" slack="0"/>
<pin id="34" dir="0" index="1" bw="1" slack="0"/>
<pin id="35" dir="0" index="2" bw="6" slack="0"/>
<pin id="36" dir="1" index="3" bw="5" slack="0"/>
</pin_list>
<bind>
<opcode="getelementptr(29) " fcode="getelementptr"/>
<opset="reg_file_addr/1 "/>
</bind>
</comp>

<comp id="39" class="1004" name="store_ln23_access_fu_39">
<pin_list>
<pin id="40" dir="0" index="0" bw="5" slack="0"/>
<pin id="41" dir="0" index="1" bw="32" slack="0"/>
<pin id="42" dir="0" index="2" bw="0" slack="2147483647"/>
<pin id="43" dir="1" index="3" bw="32" slack="2147483647"/>
</pin_list>
<bind>
<opcode="store(28) " fcode="store"/>
<opset="store_ln23/1 "/>
</bind>
</comp>

<comp id="46" class="1004" name="store_ln22_store_fu_46">
<pin_list>
<pin id="47" dir="0" index="0" bw="1" slack="0"/>
<pin id="48" dir="0" index="1" bw="6" slack="0"/>
<pin id="49" dir="1" index="2" bw="0" slack="2147483647"/>
</pin_list>
<bind>
<opcode="store(28) " fcode="store"/>
<opset="store_ln22/1 "/>
</bind>
</comp>

<comp id="51" class="1004" name="i_1_load_fu_51">
<pin_list>
<pin id="52" dir="0" index="0" bw="6" slack="0"/>
<pin id="53" dir="1" index="1" bw="6" slack="0"/>
</pin_list>
<bind>
<opcode="load(27) " fcode="load"/>
<opset="i_1/1 "/>
</bind>
</comp>

<comp id="54" class="1004" name="icmp_ln22_fu_54">
<pin_list>
<pin id="55" dir="0" index="0" bw="6" slack="0"/>
<pin id="56" dir="0" index="1" bw="6" slack="0"/>
<pin id="57" dir="1" index="2" bw="1" slack="2147483647"/>
</pin_list>
<bind>
<opcode="icmp(45) " fcode="icmp"/>
<opset="icmp_ln22/1 "/>
</bind>
</comp>

<comp id="60" class="1004" name="add_ln22_fu_60">
<pin_list>
<pin id="61" dir="0" index="0" bw="6" slack="0"/>
<pin id="62" dir="0" index="1" bw="1" slack="0"/>
<pin id="63" dir="1" index="2" bw="6" slack="0"/>
</pin_list>
<bind>
<opcode="add(8) " fcode="add"/>
<opset="add_ln22/1 "/>
</bind>
</comp>

<comp id="66" class="1004" name="zext_ln22_fu_66">
<pin_list>
<pin id="67" dir="0" index="0" bw="6" slack="0"/>
<pin id="68" dir="1" index="1" bw="64" slack="0"/>
</pin_list>
<bind>
<opcode="zext(34) " fcode="zext"/>
<opset="zext_ln22/1 "/>
</bind>
</comp>

<comp id="71" class="1004" name="store_ln22_store_fu_71">
<pin_list>
<pin id="72" dir="0" index="0" bw="6" slack="0"/>
<pin id="73" dir="0" index="1" bw="6" slack="0"/>
<pin id="74" dir="1" index="2" bw="0" slack="2147483647"/>
</pin_list>
<bind>
<opcode="store(28) " fcode="store"/>
<opset="store_ln22/1 "/>
</bind>
</comp>

<comp id="76" class="1005" name="i_reg_76">
<pin_list>
<pin id="77" dir="0" index="0" bw="6" slack="0"/>
<pin id="78" dir="1" index="1" bw="6" slack="0"/>
</pin_list>
<bind>
<opset="i "/>
</bind>
</comp>

</comp_list>

<net_list>
<net id="31"><net_src comp="2" pin="0"/><net_sink comp="28" pin=0"/></net>

<net id="37"><net_src comp="0" pin="0"/><net_sink comp="32" pin=0"/></net>

<net id="38"><net_src comp="26" pin="0"/><net_sink comp="32" pin=1"/></net>

<net id="44"><net_src comp="14" pin="0"/><net_sink comp="39" pin=1"/></net>

<net id="45"><net_src comp="32" pin="3"/><net_sink comp="39" pin=0"/></net>

<net id="50"><net_src comp="4" pin="0"/><net_sink comp="46" pin=0"/></net>

<net id="58"><net_src comp="51" pin="1"/><net_sink comp="54" pin=0"/></net>

<net id="59"><net_src comp="6" pin="0"/><net_sink comp="54" pin=1"/></net>

<net id="64"><net_src comp="51" pin="1"/><net_sink comp="60" pin=0"/></net>

<net id="65"><net_src comp="8" pin="0"/><net_sink comp="60" pin=1"/></net>

<net id="69"><net_src comp="51" pin="1"/><net_sink comp="66" pin=0"/></net>

<net id="70"><net_src comp="66" pin="1"/><net_sink comp="32" pin=2"/></net>

<net id="75"><net_src comp="60" pin="2"/><net_sink comp="71" pin=0"/></net>

<net id="79"><net_src comp="28" pin="1"/><net_sink comp="76" pin=0"/></net>

<net id="80"><net_src comp="76" pin="1"/><net_sink comp="46" pin=1"/></net>

<net id="81"><net_src comp="76" pin="1"/><net_sink comp="51" pin=0"/></net>

<net id="82"><net_src comp="76" pin="1"/><net_sink comp="71" pin=1"/></net>

</net_list>

</model> 
---------------- Datapath Model END ------------------

* FSMD analyzer results:
  - Output states:
	Port: reg_file | {1 }
 - Input state : 
  - Chain level:
	State 1
		store_ln22 : 1
		i_1 : 1
		icmp_ln22 : 2
		add_ln22 : 2
		br_ln22 : 3
		zext_ln22 : 2
		reg_file_addr : 3
		store_ln23 : 4
		store_ln22 : 3


============================================================
+ Verbose Summary: Datapath Resource usage 
============================================================

* Functional unit list:
|----------|-----------------|---------|---------|
| Operation| Functional Unit |    FF   |   LUT   |
|----------|-----------------|---------|---------|
|   icmp   | icmp_ln22_fu_54 |    0    |    14   |
|----------|-----------------|---------|---------|
|    add   |  add_ln22_fu_60 |    0    |    14   |
|----------|-----------------|---------|---------|
|   zext   | zext_ln22_fu_66 |    0    |    0    |
|----------|-----------------|---------|---------|
|   Total  |                 |    0    |    28   |
|----------|-----------------|---------|---------|

Memories:
N/A

* Register list:
+--------+--------+
|        |   FF   |
+--------+--------+
|i_reg_76|    6   |
+--------+--------+
|  Total |    6   |
+--------+--------+

* Multiplexer (MUX) list: 
|--------|------|------|------|--------|
|  Comp  |  Pin | Size |  BW  | S x BW |
|--------|------|------|------|--------|
|  Total |      |      |      |    0   |
|--------|------|------|------|--------|



* Summary:
+-----------+--------+--------+
|           |   FF   |   LUT  |
+-----------+--------+--------+
|  Function |    0   |   28   |
|   Memory  |    -   |    -   |
|Multiplexer|    -   |    -   |
|  Register |    6   |    -   |
+-----------+--------+--------+
|   Total   |    6   |   28   |
+-----------+--------+--------+
