  **** HLS Build v2025.2 6295257
INFO: [HLS 200-2005] Using work_dir C:/Users/aa099259/GitHub_personal/hls_riscv_ELEC5803/hls_riscv_csim_phase1/hls_riscv_csim_phase1 
INFO: [HLS 200-2176] Writing Vitis IDE component file C:/Users/aa099259/GitHub_personal/hls_riscv_ELEC5803/hls_riscv_csim_phase1/hls_riscv_csim_phase1/vitis-comp.json
INFO: [HLS 200-10] Creating and opening component 'C:/Users/aa099259/GitHub_personal/hls_riscv_ELEC5803/hls_riscv_csim_phase1/hls_riscv_csim_phase1'.
INFO: [HLS 200-1505] Using default flow_target 'vivado'
Resolution: For help on HLS 200-1505 see docs.amd.com/access/sources/dita/topic?Doc_Version=2025.2%20English&url=ug1448-hls-guidance&resourceid=200-1505.html
INFO: [HLS 200-2174] Applying component config ini file hls_config.cfg
INFO: [HLS 200-1465] Applying config ini 'syn.file=../RISCV-RV32I-H1/riscv32i.cc' from hls_config.cfg(7)
INFO: [HLS 200-10] Adding design file 'C:/Users/aa099259/GitHub_personal/hls_riscv_ELEC5803/RISCV-RV32I-H1/riscv32i.cc' to the project
INFO: [HLS 200-1465] Applying config ini 'syn.file=../RISCV-RV32I-H1/riscv32i.h' from hls_config.cfg(8)
INFO: [HLS 200-10] Adding design file 'C:/Users/aa099259/GitHub_personal/hls_riscv_ELEC5803/RISCV-RV32I-H1/riscv32i.h' to the project
INFO: [HLS 200-1465] Applying config ini 'tb.file=../RISCV-RV32I-H1/riscv32i_tb.cc' from hls_config.cfg(9)
INFO: [HLS 200-10] Adding test bench file 'C:/Users/aa099259/GitHub_personal/hls_riscv_ELEC5803/RISCV-RV32I-H1/riscv32i_tb.cc' to the project
INFO: [HLS 200-1465] Applying config ini 'tb.file=../RISCV-RV32I-H1/mem.txt' from hls_config.cfg(10)
INFO: [HLS 200-10] Adding test bench file 'C:/Users/aa099259/GitHub_personal/hls_riscv_ELEC5803/RISCV-RV32I-H1/mem.txt' to the project
INFO: [HLS 200-1465] Applying config ini 'syn.top=cpu' from hls_config.cfg(12)
INFO: [HLS 200-1465] Applying config ini 'flow_target=vivado' from hls_config.cfg(4)
INFO: [HLS 200-1505] Using flow_target 'vivado'
Resolution: For help on HLS 200-1505 see docs.amd.com/access/sources/dita/topic?Doc_Version=2025.2%20English&url=ug1448-hls-guidance&resourceid=200-1505.html
INFO: [HLS 200-1465] Applying config ini 'part=xa7z010clg225-1I' from hls_config.cfg(1)
INFO: [HLS 200-1611] Setting target device to 'xa7z010-clg225-1I'
INFO: [HLS 200-1465] Applying config ini 'clock=10ns' from hls_config.cfg(11)
INFO: [SYN 201-201] Setting up clock 'default' with a period of 10ns.
INFO: [HLS 200-1465] Applying config ini 'package.output.format=ip_catalog' from hls_config.cfg(5)
INFO: [HLS 200-2176] Writing Vitis IDE component file C:/Users/aa099259/GitHub_personal/hls_riscv_ELEC5803/hls_riscv_csim_phase1/hls_riscv_csim_phase1/vitis-comp.json
INFO: [SIM 211-2] *************** CSIM start ***************
INFO: [HLS 200-2191] C-Simulation will use clang-16 as the compiler
INFO: [HLS 200-2036] Building debug C Simulation binaries
   Compiling ../../../../../RISCV-RV32I-H1/riscv32i_tb.cc in debug mode
   Generating csim.exe
In file included from ../../../../../RISCV-RV32I-H1/riscv32i_tb.cc:4:
In file included from ../../../../../RISCV-RV32I-H1/riscv32i.h:8:
In file included from C:/AMDDesignTools/2025.2/Vitis/include\ap_int.h:10:
In file included from C:/AMDDesignTools/2025.2/Vitis/include\etc/ap_common.h:668:
In file included from C:/AMDDesignTools/2025.2/Vitis/include\etc/ap_private.h:68:
In file included from C:/AMDDesignTools/2025.2/Vitis/include\hls_half.h:26:
In file included from C:/AMDDesignTools/2025.2/Vitis/include/etc/hls_half_fpo.h:19:
In file included from C:/AMDDesignTools/2025.2/Vitis/include\hls_fpo.h:140:
In file included from C:/AMDDesignTools/2025.2/Vitis/include/floating_point_v7_1_bitacc_cmodel.h:150:
C:/AMDDesignTools/2025.2/Vitis/include\gmp.h:58:9: warning: '__GMP_LIBGMP_DLL' macro redefined [-Wmacro-redefined]
#define __GMP_LIBGMP_DLL  0
        ^
C:/AMDDesignTools/2025.2/Vitis/include/floating_point_v7_1_bitacc_cmodel.h:142:9: note: previous definition is here
#define __GMP_LIBGMP_DLL 1
        ^
1 warning generated.
mem.txt open failed: No such file or directory
@E Simulation failed: Function 'main' returns nonzero value '1'.
ERROR: [SIM 211-100] 'csim_design' failed: nonzero return value.
INFO: [SIM 211-3] *************** CSIM finish ***************
ERROR: CSIM Failed
INFO: [HLS 200-112] Total CPU user time: 0 seconds. Total CPU system time: 0 seconds. Total elapsed time: 21.35 seconds; peak allocated memory: 142.707 MB.
