  **** HLS Build v2025.2 6295257
INFO: [HLS 200-2005] Using work_dir C:/Users/aa099259/GitHub_personal/hls_riscv_ELEC5803/hls_riscv_csim_phase1/hls_riscv_csim_phase1 
INFO: [HLS 200-2176] Writing Vitis IDE component file C:/Users/aa099259/GitHub_personal/hls_riscv_ELEC5803/hls_riscv_csim_phase1/hls_riscv_csim_phase1/vitis-comp.json
INFO: [HLS 200-10] Creating and opening component 'C:/Users/aa099259/GitHub_personal/hls_riscv_ELEC5803/hls_riscv_csim_phase1/hls_riscv_csim_phase1'.
INFO: [HLS 200-1505] Using default flow_target 'vivado'
Resolution: For help on HLS 200-1505 see docs.amd.com/access/sources/dita/topic?Doc_Version=2025.2%20English&url=ug1448-hls-guidance&resourceid=200-1505.html
INFO: [HLS 200-2174] Applying component config ini file hls_config.cfg
INFO: [HLS 200-1465] Applying config ini 'syn.file=../RISCV-RV32I-H1/riscv32i.cc' from hls_config.cfg(7)
INFO: [HLS 200-10] Adding design file 'C:/Users/aa099259/GitHub_personal/hls_riscv_ELEC5803/RISCV-RV32I-H1/riscv32i.cc' to the project
INFO: [HLS 200-1465] Applying config ini 'syn.file=../RISCV-RV32I-H1/riscv32i.h' from hls_config.cfg(8)
INFO: [HLS 200-10] Adding design file 'C:/Users/aa099259/GitHub_personal/hls_riscv_ELEC5803/RISCV-RV32I-H1/riscv32i.h' to the project
INFO: [HLS 200-1465] Applying config ini 'tb.file=../RISCV-RV32I-H1/riscv32i_tb.cc' from hls_config.cfg(9)
INFO: [HLS 200-10] Adding test bench file 'C:/Users/aa099259/GitHub_personal/hls_riscv_ELEC5803/RISCV-RV32I-H1/riscv32i_tb.cc' to the project
INFO: [HLS 200-1465] Applying config ini 'syn.top=cpu' from hls_config.cfg(11)
INFO: [HLS 200-1465] Applying config ini 'flow_target=vivado' from hls_config.cfg(4)
INFO: [HLS 200-1505] Using flow_target 'vivado'
Resolution: For help on HLS 200-1505 see docs.amd.com/access/sources/dita/topic?Doc_Version=2025.2%20English&url=ug1448-hls-guidance&resourceid=200-1505.html
INFO: [HLS 200-1465] Applying config ini 'part=xa7z010clg225-1I' from hls_config.cfg(1)
INFO: [HLS 200-1611] Setting target device to 'xa7z010-clg225-1I'
INFO: [HLS 200-1465] Applying config ini 'clock=10ns' from hls_config.cfg(10)
INFO: [SYN 201-201] Setting up clock 'default' with a period of 10ns.
INFO: [HLS 200-1465] Applying config ini 'package.output.format=ip_catalog' from hls_config.cfg(5)
INFO: [HLS 200-2176] Writing Vitis IDE component file C:/Users/aa099259/GitHub_personal/hls_riscv_ELEC5803/hls_riscv_csim_phase1/hls_riscv_csim_phase1/vitis-comp.json
INFO: [HLS 200-111] Finished File checks and directory preparation: CPU user time: 0 seconds. CPU system time: 0 seconds. Elapsed time: 9.168 seconds; current allocated memory: 143.344 MB.
INFO: [HLS 200-2191] C-Synthesis will use clang-16 as the compiler
INFO: [HLS 200-10] Analyzing design file '../RISCV-RV32I-H1/riscv32i.cc' ... 
WARNING: [HLS 207-6996] 'Resource pragma' is deprecated, use 'bind_op/bind_storage pragma' instead (../RISCV-RV32I-H1/riscv32i.cc:16:13)
INFO: [HLS 200-111] Finished Source Code Analysis and Preprocessing: CPU user time: 0 seconds. CPU system time: 0 seconds. Elapsed time: 14.083 seconds; current allocated memory: 145.648 MB.
INFO: [HLS 200-777] Using interface defaults for 'Vivado' flow target.
INFO: [HLS 200-1995] There were 11,159 instructions in the design after the 'Compile/Link' phase of compilation. See the Design Size Report for more details (C:/Users/aa099259/GitHub_personal/hls_riscv_ELEC5803/hls_riscv_csim_phase1/hls_riscv_csim_phase1/hls/syn/report/csynth_design_size.rpt:2)
INFO: [HLS 200-1995] There were 800 instructions in the design after the 'Unroll/Inline (step 1)' phase of compilation. See the Design Size Report for more details (C:/Users/aa099259/GitHub_personal/hls_riscv_ELEC5803/hls_riscv_csim_phase1/hls_riscv_csim_phase1/hls/syn/report/csynth_design_size.rpt:2)
INFO: [HLS 200-1995] There were 271 instructions in the design after the 'Unroll/Inline (step 2)' phase of compilation. See the Design Size Report for more details (C:/Users/aa099259/GitHub_personal/hls_riscv_ELEC5803/hls_riscv_csim_phase1/hls_riscv_csim_phase1/hls/syn/report/csynth_design_size.rpt:2)
INFO: [HLS 200-1995] There were 270 instructions in the design after the 'Unroll/Inline (step 3)' phase of compilation. See the Design Size Report for more details (C:/Users/aa099259/GitHub_personal/hls_riscv_ELEC5803/hls_riscv_csim_phase1/hls_riscv_csim_phase1/hls/syn/report/csynth_design_size.rpt:2)
INFO: [HLS 200-1995] There were 270 instructions in the design after the 'Unroll/Inline (step 4)' phase of compilation. See the Design Size Report for more details (C:/Users/aa099259/GitHub_personal/hls_riscv_ELEC5803/hls_riscv_csim_phase1/hls_riscv_csim_phase1/hls/syn/report/csynth_design_size.rpt:2)
INFO: [HLS 200-1995] There were 250 instructions in the design after the 'Array/Struct (step 1)' phase of compilation. See the Design Size Report for more details (C:/Users/aa099259/GitHub_personal/hls_riscv_ELEC5803/hls_riscv_csim_phase1/hls_riscv_csim_phase1/hls/syn/report/csynth_design_size.rpt:2)
INFO: [HLS 200-1995] There were 235 instructions in the design after the 'Array/Struct (step 2)' phase of compilation. See the Design Size Report for more details (C:/Users/aa099259/GitHub_personal/hls_riscv_ELEC5803/hls_riscv_csim_phase1/hls_riscv_csim_phase1/hls/syn/report/csynth_design_size.rpt:2)
INFO: [HLS 200-1995] There were 235 instructions in the design after the 'Array/Struct (step 3)' phase of compilation. See the Design Size Report for more details (C:/Users/aa099259/GitHub_personal/hls_riscv_ELEC5803/hls_riscv_csim_phase1/hls_riscv_csim_phase1/hls/syn/report/csynth_design_size.rpt:2)
INFO: [HLS 200-1995] There were 235 instructions in the design after the 'Array/Struct (step 4)' phase of compilation. See the Design Size Report for more details (C:/Users/aa099259/GitHub_personal/hls_riscv_ELEC5803/hls_riscv_csim_phase1/hls_riscv_csim_phase1/hls/syn/report/csynth_design_size.rpt:2)
INFO: [HLS 200-1995] There were 236 instructions in the design after the 'Array/Struct (step 5)' phase of compilation. See the Design Size Report for more details (C:/Users/aa099259/GitHub_personal/hls_riscv_ELEC5803/hls_riscv_csim_phase1/hls_riscv_csim_phase1/hls/syn/report/csynth_design_size.rpt:2)
INFO: [HLS 200-1995] There were 237 instructions in the design after the 'Performance (step 1)' phase of compilation. See the Design Size Report for more details (C:/Users/aa099259/GitHub_personal/hls_riscv_ELEC5803/hls_riscv_csim_phase1/hls_riscv_csim_phase1/hls/syn/report/csynth_design_size.rpt:2)
INFO: [HLS 200-1995] There were 236 instructions in the design after the 'Performance (step 2)' phase of compilation. See the Design Size Report for more details (C:/Users/aa099259/GitHub_personal/hls_riscv_ELEC5803/hls_riscv_csim_phase1/hls_riscv_csim_phase1/hls/syn/report/csynth_design_size.rpt:2)
INFO: [HLS 200-1995] There were 235 instructions in the design after the 'Performance (step 3)' phase of compilation. See the Design Size Report for more details (C:/Users/aa099259/GitHub_personal/hls_riscv_ELEC5803/hls_riscv_csim_phase1/hls_riscv_csim_phase1/hls/syn/report/csynth_design_size.rpt:2)
INFO: [HLS 200-1995] There were 235 instructions in the design after the 'Performance (step 4)' phase of compilation. See the Design Size Report for more details (C:/Users/aa099259/GitHub_personal/hls_riscv_ELEC5803/hls_riscv_csim_phase1/hls_riscv_csim_phase1/hls/syn/report/csynth_design_size.rpt:2)
INFO: [HLS 200-1995] There were 238 instructions in the design after the 'HW Transforms (step 1)' phase of compilation. See the Design Size Report for more details (C:/Users/aa099259/GitHub_personal/hls_riscv_ELEC5803/hls_riscv_csim_phase1/hls_riscv_csim_phase1/hls/syn/report/csynth_design_size.rpt:2)
INFO: [HLS 200-1995] There were 244 instructions in the design after the 'HW Transforms (step 2)' phase of compilation. See the Design Size Report for more details (C:/Users/aa099259/GitHub_personal/hls_riscv_ELEC5803/hls_riscv_csim_phase1/hls_riscv_csim_phase1/hls/syn/report/csynth_design_size.rpt:2)
WARNING: [HLS 214-340] The resource pragma (bind_storage) on top-level function argument, in 'call' is unsupported, please use INTERFACE pragma instead (../RISCV-RV32I-H1/riscv32i.cc:16:1)
INFO: [HLS 214-376] Pipelining loop< VITIS_LOOP_22_1> at ../RISCV-RV32I-H1/riscv32i.cc:22:20 due to pipeline_loops threshold
INFO: [HLS 214-376] Pipelining loop< PROGRAM_LOOP> at ../RISCV-RV32I-H1/riscv32i.cc:29:17 due to pipeline_loops threshold
INFO: [HLS 200-111] Finished Compiling Optimization and Transform: CPU user time: 0 seconds. CPU system time: 0 seconds. Elapsed time: 15.85 seconds; current allocated memory: 147.266 MB.
INFO: [HLS 200-111] Finished Checking Pragmas: CPU user time: 0 seconds. CPU system time: 0 seconds. Elapsed time: 0.005 seconds; current allocated memory: 147.266 MB.
INFO: [HLS 200-10] Starting code transformations ...
INFO: [HLS 200-111] Finished Standard Transforms: CPU user time: 0 seconds. CPU system time: 0 seconds. Elapsed time: 0.077 seconds; current allocated memory: 152.773 MB.
INFO: [HLS 200-10] Checking synthesizability ...
INFO: [HLS 200-111] Finished Checking Synthesizability: CPU user time: 0 seconds. CPU system time: 0 seconds. Elapsed time: 0.059 seconds; current allocated memory: 154.875 MB.
INFO: [HLS 200-111] Finished Loop, function and other optimizations: CPU user time: 0 seconds. CPU system time: 0 seconds. Elapsed time: 0.109 seconds; current allocated memory: 177.668 MB.
INFO: [HLS 200-111] Finished Architecture Synthesis: CPU user time: 0 seconds. CPU system time: 0 seconds. Elapsed time: 0.104 seconds; current allocated memory: 190.180 MB.
INFO: [HLS 200-10] Starting hardware synthesis ...
INFO: [HLS 200-10] Synthesizing 'cpu' ...
INFO: [HLS 200-10] ----------------------------------------------------------------
INFO: [HLS 200-42] -- Implementing module 'cpu_Pipeline_VITIS_LOOP_22_1' 
INFO: [HLS 200-10] ----------------------------------------------------------------
INFO: [SCHED 204-11] Starting scheduling ...
INFO: [HLS 200-1457] Automatically inferring inferring RAM_1WNR storage type for array 'reg_file'. Use bind_storage pragma to override this type.
INFO: [SCHED 204-61] Pipelining loop 'VITIS_LOOP_22_1'.
INFO: [HLS 200-1470] Pipelining result : Target II = NA, Final II = 1, Depth = 1, loop 'VITIS_LOOP_22_1'
INFO: [SCHED 204-11] Finished scheduling.
INFO: [HLS 200-111] Finished Scheduling: CPU user time: 0 seconds. CPU system time: 0 seconds. Elapsed time: 1.206 seconds; current allocated memory: 193.922 MB.
INFO: [BIND 205-100] Starting micro-architecture generation ...
INFO: [BIND 205-101] Performing variable lifetime analysis.
INFO: [BIND 205-101] Exploring resource sharing.
INFO: [BIND 205-101] Binding ...
INFO: [BIND 205-100] Finished micro-architecture generation.
INFO: [HLS 200-111] Finished Binding: CPU user time: 0 seconds. CPU system time: 0 seconds. Elapsed time: 0.018 seconds; current allocated memory: 194.961 MB.
INFO: [HLS 200-10] ----------------------------------------------------------------
INFO: [HLS 200-42] -- Implementing module 'cpu_Pipeline_PROGRAM_LOOP' 
INFO: [HLS 200-10] ----------------------------------------------------------------
INFO: [SCHED 204-11] Starting scheduling ...
INFO: [HLS 200-1457] Automatically inferring inferring RAM_1WNR storage type for array 'reg_file'. Use bind_storage pragma to override this type.
INFO: [SCHED 204-61] Pipelining loop 'PROGRAM_LOOP'.
INFO: [HLS 200-2199] The II Violation in module 'cpu_Pipeline_PROGRAM_LOOP' (loop 'PROGRAM_LOOP'): Potential resource conflict between 'load' operation 32 bit ('insn', ../RISCV-RV32I-H1/riscv32i.cc:34) on array 'mem' and 'store' operation ('mem_addr_2_write_ln248', ../RISCV-RV32I-H1/riscv32i.cc:248) of variable 'imm12' 32 bit on array 'mem' on common resource 'mem'.
INFO: [HLS 200-2198] Existing conflicting constraints include from 'load' operation 32 bit ('insn', ../RISCV-RV32I-H1/riscv32i.cc:34) on array 'mem' to 'load' operation 32 bit ('insn', ../RISCV-RV32I-H1/riscv32i.cc:34) on array 'mem' with distance of 1 (conflict 1 of 15)
INFO: [HLS 200-2198] Existing conflicting constraints include from 'load' operation 32 bit ('insn', ../RISCV-RV32I-H1/riscv32i.cc:34) on array 'mem' to 'partselect' operation 5 bit ('rs1', ../RISCV-RV32I-H1/riscv32i.cc:43) with distance of 0 (conflict 2 of 15)
INFO: [HLS 200-2198] Existing conflicting constraints include from 'partselect' operation 5 bit ('rs1', ../RISCV-RV32I-H1/riscv32i.cc:43) to 'zext' operation 64 bit ('zext_ln94', ../RISCV-RV32I-H1/riscv32i.cc:94) with distance of 0 (conflict 3 of 15)
INFO: [HLS 200-2198] Existing conflicting constraints include from 'zext' operation 64 bit ('zext_ln94', ../RISCV-RV32I-H1/riscv32i.cc:94) to 'getelementptr' operation 5 bit ('reg_file_addr', ../RISCV-RV32I-H1/riscv32i.cc:94) with distance of 0 (conflict 4 of 15)
INFO: [HLS 200-2198] Existing conflicting constraints include from 'getelementptr' operation 5 bit ('reg_file_addr', ../RISCV-RV32I-H1/riscv32i.cc:94) to 'load' operation 32 bit ('src1', ../RISCV-RV32I-H1/riscv32i.cc:94) on array 'reg_file' with distance of 0 (conflict 5 of 15)
INFO: [HLS 200-2198] Existing conflicting constraints include from 'load' operation 32 bit ('src1', ../RISCV-RV32I-H1/riscv32i.cc:94) on array 'reg_file' to 'load' operation 32 bit ('src1', ../RISCV-RV32I-H1/riscv32i.cc:94) on array 'reg_file' with distance of 1 (conflict 6 of 15)
INFO: [HLS 200-2198] Existing conflicting constraints include from 'load' operation 32 bit ('src1', ../RISCV-RV32I-H1/riscv32i.cc:94) on array 'reg_file' to 'icmp' operation 1 bit ('icmp_ln155', ../RISCV-RV32I-H1/riscv32i.cc:155) with distance of 1 (conflict 7 of 15)
INFO: [HLS 200-2198] Existing conflicting constraints include from 'icmp' operation 1 bit ('icmp_ln155', ../RISCV-RV32I-H1/riscv32i.cc:155) to if.end with distance of 0 (conflict 8 of 15)
INFO: [HLS 200-2198] Existing conflicting constraints include from if.end to 'partselect' operation 10 bit ('lshr_ln1', ../RISCV-RV32I-H1/riscv32i.cc:159) with distance of 0 (conflict 9 of 15)
INFO: [HLS 200-2198] Existing conflicting constraints include from 'partselect' operation 10 bit ('lshr_ln1', ../RISCV-RV32I-H1/riscv32i.cc:159) to 'zext' operation 64 bit ('zext_ln159', ../RISCV-RV32I-H1/riscv32i.cc:159) with distance of 0 (conflict 10 of 15)
INFO: [HLS 200-2198] Existing conflicting constraints include from 'zext' operation 64 bit ('zext_ln159', ../RISCV-RV32I-H1/riscv32i.cc:159) to 'getelementptr' operation 10 bit ('mem_addr_1', ../RISCV-RV32I-H1/riscv32i.cc:159) with distance of 0 (conflict 11 of 15)
INFO: [HLS 200-2198] Existing conflicting constraints include from 'getelementptr' operation 10 bit ('mem_addr_1', ../RISCV-RV32I-H1/riscv32i.cc:159) to 'load' operation 32 bit ('val', ../RISCV-RV32I-H1/riscv32i.cc:159) on array 'mem' with distance of 0 (conflict 12 of 15)
INFO: [HLS 200-2198] Existing conflicting constraints include from 'load' operation 32 bit ('val', ../RISCV-RV32I-H1/riscv32i.cc:159) on array 'mem' to 'load' operation 32 bit ('val', ../RISCV-RV32I-H1/riscv32i.cc:159) on array 'mem' with distance of 1 (conflict 13 of 15)
INFO: [HLS 200-2198] Existing conflicting constraints include from 'load' operation 32 bit ('val', ../RISCV-RV32I-H1/riscv32i.cc:159) on array 'mem' to 'phi' operation 32 bit ('imm12') with incoming values : ('sext_ln53', ../RISCV-RV32I-H1/riscv32i.cc:53) ('sext_ln55', ../RISCV-RV32I-H1/riscv32i.cc:55) ('sext_ln57', ../RISCV-RV32I-H1/riscv32i.cc:57) ('imm', ../RISCV-RV32I-H1/riscv32i.cc:59) ('imm', ../RISCV-RV32I-H1/riscv32i.cc:64) ('reg_file_load', ../RISCV-RV32I-H1/riscv32i.cc:95) ('res_n', ../RISCV-RV32I-H1/riscv32i.cc:105) ('imm12', ../RISCV-RV32I-H1/riscv32i.cc:108) ('val', ../RISCV-RV32I-H1/riscv32i.cc:159) ('zext_ln171', ../RISCV-RV32I-H1/riscv32i.cc:171) ('zext_ln168', ../RISCV-RV32I-H1/riscv32i.cc:168) ('sext_ln165', ../RISCV-RV32I-H1/riscv32i.cc:165) ('sext_ln162', ../RISCV-RV32I-H1/riscv32i.cc:162) ('zext_ln149', ../RISCV-RV32I-H1/riscv32i.cc:149) ('zext_ln146', ../RISCV-RV32I-H1/riscv32i.cc:146) ('res', ../RISCV-RV32I-H1/riscv32i.cc:143) ('res', ../RISCV-RV32I-H1/riscv32i.cc:140) ('res', ../RISCV-RV32I-H1/riscv32i.cc:137) ('res', ../RISCV-RV32I-H1/riscv32i.cc:134) ('res', ../RISCV-RV32I-H1/riscv32i.cc:131) ('res', ../RISCV-RV32I-H1/riscv32i.cc:128) ('res', ../RISCV-RV32I-H1/riscv32i.cc:125) ('res', ../RISCV-RV32I-H1/riscv32i.cc:122) ('res', ../RISCV-RV32I-H1/riscv32i.cc:234) with distance of 0 (conflict 14 of 15)
INFO: [HLS 200-2198] Existing conflicting constraints include from 'phi' operation 32 bit ('imm12') with incoming values : ('sext_ln53', ../RISCV-RV32I-H1/riscv32i.cc:53) ('sext_ln55', ../RISCV-RV32I-H1/riscv32i.cc:55) ('sext_ln57', ../RISCV-RV32I-H1/riscv32i.cc:57) ('imm', ../RISCV-RV32I-H1/riscv32i.cc:59) ('imm', ../RISCV-RV32I-H1/riscv32i.cc:64) ('reg_file_load', ../RISCV-RV32I-H1/riscv32i.cc:95) ('res_n', ../RISCV-RV32I-H1/riscv32i.cc:105) ('imm12', ../RISCV-RV32I-H1/riscv32i.cc:108) ('val', ../RISCV-RV32I-H1/riscv32i.cc:159) ('zext_ln171', ../RISCV-RV32I-H1/riscv32i.cc:171) ('zext_ln168', ../RISCV-RV32I-H1/riscv32i.cc:168) ('sext_ln165', ../RISCV-RV32I-H1/riscv32i.cc:165) ('sext_ln162', ../RISCV-RV32I-H1/riscv32i.cc:162) ('zext_ln149', ../RISCV-RV32I-H1/riscv32i.cc:149) ('zext_ln146', ../RISCV-RV32I-H1/riscv32i.cc:146) ('res', ../RISCV-RV32I-H1/riscv32i.cc:143) ('res', ../RISCV-RV32I-H1/riscv32i.cc:140) ('res', ../RISCV-RV32I-H1/riscv32i.cc:137) ('res', ../RISCV-RV32I-H1/riscv32i.cc:134) ('res', ../RISCV-RV32I-H1/riscv32i.cc:131) ('res', ../RISCV-RV32I-H1/riscv32i.cc:128) ('res', ../RISCV-RV32I-H1/riscv32i.cc:125) ('res', ../RISCV-RV32I-H1/riscv32i.cc:122) ('res', ../RISCV-RV32I-H1/riscv32i.cc:234) to 'store' operation ('mem_addr_2_write_ln248', ../RISCV-RV32I-H1/riscv32i.cc:248) of variable 'imm12' 32 bit on array 'mem' with distance of 0 (conflict 15 of 15)
INFO: [HLS 200-1470] Pipelining result : Target II = NA, Final II = 5, Depth = 5, loop 'PROGRAM_LOOP'
INFO: [SCHED 204-11] Finished scheduling.
INFO: [HLS 200-111] Finished Scheduling: CPU user time: 0 seconds. CPU system time: 0 seconds. Elapsed time: 0.397 seconds; current allocated memory: 197.328 MB.
INFO: [BIND 205-100] Starting micro-architecture generation ...
INFO: [BIND 205-101] Performing variable lifetime analysis.
INFO: [BIND 205-101] Exploring resource sharing.
INFO: [BIND 205-101] Binding ...
INFO: [BIND 205-100] Finished micro-architecture generation.
INFO: [HLS 200-111] Finished Binding: CPU user time: 0 seconds. CPU system time: 0 seconds. Elapsed time: 0.049 seconds; current allocated memory: 197.371 MB.
INFO: [HLS 200-10] ----------------------------------------------------------------
INFO: [HLS 200-42] -- Implementing module 'cpu' 
INFO: [HLS 200-10] ----------------------------------------------------------------
INFO: [SCHED 204-11] Starting scheduling ...
INFO: [SCHED 204-11] Finished scheduling.
INFO: [HLS 200-111] Finished Scheduling: CPU user time: 0 seconds. CPU system time: 0 seconds. Elapsed time: 0.045 seconds; current allocated memory: 197.402 MB.
INFO: [BIND 205-100] Starting micro-architecture generation ...
INFO: [BIND 205-101] Performing variable lifetime analysis.
INFO: [BIND 205-101] Exploring resource sharing.
INFO: [BIND 205-101] Binding ...
INFO: [BIND 205-100] Finished micro-architecture generation.
INFO: [HLS 200-111] Finished Binding: CPU user time: 0 seconds. CPU system time: 0 seconds. Elapsed time: 0.015 seconds; current allocated memory: 197.445 MB.
INFO: [HLS 200-10] ----------------------------------------------------------------
INFO: [HLS 200-10] -- Generating RTL for module 'cpu_Pipeline_VITIS_LOOP_22_1' 
INFO: [HLS 200-10] ----------------------------------------------------------------
INFO: [RTGEN 206-100] Finished creating RTL model for 'cpu_Pipeline_VITIS_LOOP_22_1'.
INFO: [HLS 200-111] Finished Creating RTL model: CPU user time: 0 seconds. CPU system time: 0 seconds. Elapsed time: 0.041 seconds; current allocated memory: 198.770 MB.
INFO: [HLS 200-10] ----------------------------------------------------------------
INFO: [HLS 200-10] -- Generating RTL for module 'cpu_Pipeline_PROGRAM_LOOP' 
INFO: [HLS 200-10] ----------------------------------------------------------------
INFO: [RTGEN 206-100] Finished creating RTL model for 'cpu_Pipeline_PROGRAM_LOOP'.
INFO: [HLS 200-111] Finished Creating RTL model: CPU user time: 0 seconds. CPU system time: 0 seconds. Elapsed time: 0.127 seconds; current allocated memory: 200.402 MB.
INFO: [HLS 200-10] ----------------------------------------------------------------
INFO: [HLS 200-10] -- Generating RTL for module 'cpu' 
INFO: [HLS 200-10] ----------------------------------------------------------------
INFO: [RTGEN 206-500] Setting interface mode on port 'cpu/mem' to 'ap_memory'.
INFO: [RTGEN 206-500] Setting interface mode on port 'cpu/pstrb' to 'ap_none'.
WARNING: [RTGEN 206-101] Port 'pstrb' with mode 'ap_none' may require an associated data valid signal to correctly communicate with other blocks or a test bench; automatic C/RTL co-simulation may not be able to verify such a port.
INFO: [RTGEN 206-500] Setting interface mode on function 'cpu' to 'ap_ctrl_hs'.
INFO: [RTGEN 206-100] Finished creating RTL model for 'cpu'.
INFO: [RTMG 210-278] Implementing memory 'cpu_reg_file_RAM_1WNR_AUTO_1R1W' using auto RAMs.
INFO: [HLS 200-111] Finished Creating RTL model: CPU user time: 0 seconds. CPU system time: 0 seconds. Elapsed time: 0.423 seconds; current allocated memory: 204.000 MB.
INFO: [HLS 200-111] Finished Generating all RTL models: CPU user time: 0 seconds. CPU system time: 0 seconds. Elapsed time: 0.478 seconds; current allocated memory: 206.820 MB.
INFO: [HLS 200-2225] Wrote inferred directives to file C:/Users/aa099259/GitHub_personal/hls_riscv_ELEC5803/hls_riscv_csim_phase1/hls_riscv_csim_phase1/hls/syn/inferred_directives.ini
INFO: [HLS 200-111] Finished Updating report files: CPU user time: 0 seconds. CPU system time: 1 seconds. Elapsed time: 1.022 seconds; current allocated memory: 209.320 MB.
INFO: [VHDL 208-304] Generating VHDL RTL for cpu.
INFO: [VLOG 209-307] Generating Verilog RTL for cpu.
INFO: [HLS 200-790] **** Loop Constraint Status: All loop constraints were NOT satisfied.
INFO: [HLS 200-789] **** Estimated Fmax: 149.99 MHz
INFO: [HLS 200-112] Total CPU user time: 0 seconds. Total CPU system time: 1 seconds. Total elapsed time: 43.316 seconds; peak allocated memory: 209.379 MB.
INFO: [v++ 60-791] Total elapsed time: 0h 0m 48s
