  **** HLS Build v2025.2 6295257
INFO: [HLS 200-2005] Using work_dir C:/Users/aa099259/GitHub_personal/hls_riscv_ELEC5803/hls_riscv_csim_phase1/hls_riscv_csim_phase1 
INFO: [HLS 200-2176] Writing Vitis IDE component file C:/Users/aa099259/GitHub_personal/hls_riscv_ELEC5803/hls_riscv_csim_phase1/hls_riscv_csim_phase1/vitis-comp.json
INFO: [HLS 200-10] Creating and opening component 'C:/Users/aa099259/GitHub_personal/hls_riscv_ELEC5803/hls_riscv_csim_phase1/hls_riscv_csim_phase1'.
INFO: [HLS 200-1505] Using default flow_target 'vivado'
Resolution: For help on HLS 200-1505 see docs.amd.com/access/sources/dita/topic?Doc_Version=2025.2%20English&url=ug1448-hls-guidance&resourceid=200-1505.html
INFO: [HLS 200-2174] Applying component config ini file hls_config.cfg
INFO: [HLS 200-1465] Applying config ini 'syn.file=../RISCV-RV32I-H1/riscv32i.cc' from hls_config.cfg(7)
INFO: [HLS 200-10] Adding design file 'C:/Users/aa099259/GitHub_personal/hls_riscv_ELEC5803/RISCV-RV32I-H1/riscv32i.cc' to the project
INFO: [HLS 200-1465] Applying config ini 'syn.file=../RISCV-RV32I-H1/riscv32i.h' from hls_config.cfg(8)
INFO: [HLS 200-10] Adding design file 'C:/Users/aa099259/GitHub_personal/hls_riscv_ELEC5803/RISCV-RV32I-H1/riscv32i.h' to the project
INFO: [HLS 200-1465] Applying config ini 'tb.file=../RISCV-RV32I-H1/riscv32i_tb.cc' from hls_config.cfg(9)
INFO: [HLS 200-10] Adding test bench file 'C:/Users/aa099259/GitHub_personal/hls_riscv_ELEC5803/RISCV-RV32I-H1/riscv32i_tb.cc' to the project
INFO: [HLS 200-1465] Applying config ini 'tb.file=../RISCV-RV32I-H1/mem.txt' from hls_config.cfg(10)
INFO: [HLS 200-10] Adding test bench file 'C:/Users/aa099259/GitHub_personal/hls_riscv_ELEC5803/RISCV-RV32I-H1/mem.txt' to the project
INFO: [HLS 200-1465] Applying config ini 'syn.top=cpu' from hls_config.cfg(12)
INFO: [HLS 200-1465] Applying config ini 'flow_target=vivado' from hls_config.cfg(4)
INFO: [HLS 200-1505] Using flow_target 'vivado'
Resolution: For help on HLS 200-1505 see docs.amd.com/access/sources/dita/topic?Doc_Version=2025.2%20English&url=ug1448-hls-guidance&resourceid=200-1505.html
INFO: [HLS 200-1465] Applying config ini 'part=xa7z010clg225-1I' from hls_config.cfg(1)
INFO: [HLS 200-1611] Setting target device to 'xa7z010-clg225-1I'
INFO: [HLS 200-1465] Applying config ini 'clock=10ns' from hls_config.cfg(11)
INFO: [SYN 201-201] Setting up clock 'default' with a period of 10ns.
INFO: [HLS 200-1465] Applying config ini 'package.output.format=ip_catalog' from hls_config.cfg(5)
INFO: [HLS 200-2176] Writing Vitis IDE component file C:/Users/aa099259/GitHub_personal/hls_riscv_ELEC5803/hls_riscv_csim_phase1/hls_riscv_csim_phase1/vitis-comp.json
INFO: [SIM 211-2] *************** CSIM start ***************
INFO: [HLS 200-2191] C-Simulation will use clang-16 as the compiler
INFO: [HLS 200-2036] Building debug C Simulation binaries
mingw32-make: 'csim.exe' is up to date.
mem[0]=0010cc10 mem[1]=00000000
Illegal instruction at PC = 0000000c
INFO: [SIM 211-1] CSim done with 0 errors.
INFO: [SIM 211-3] *************** CSIM finish ***************
INFO: [HLS 200-112] Total CPU user time: 0 seconds. Total CPU system time: 0 seconds. Total elapsed time: 5.682 seconds; peak allocated memory: 143.410 MB.
INFO: [vitis-run 60-791] Total elapsed time: 0h 0m 10s
