  **** HLS Build v2025.2 6295257
INFO: [HLS 200-2005] Using work_dir C:/Users/aa099259/GitHub_personal/hls_riscv_ELEC5803/hls_riscv_csim_phase1/hls_riscv_csim_phase1 
INFO: [HLS 200-2176] Writing Vitis IDE component file C:/Users/aa099259/GitHub_personal/hls_riscv_ELEC5803/hls_riscv_csim_phase1/hls_riscv_csim_phase1/vitis-comp.json
INFO: [HLS 200-10] Creating and opening component 'C:/Users/aa099259/GitHub_personal/hls_riscv_ELEC5803/hls_riscv_csim_phase1/hls_riscv_csim_phase1'.
INFO: [HLS 200-1611] Setting target device to 'xa7z010-clg225-1I'
INFO: [HLS 200-1505] Using default flow_target 'vivado'
Resolution: For help on HLS 200-1505 see docs.amd.com/access/sources/dita/topic?Doc_Version=2025.2%20English&url=ug1448-hls-guidance&resourceid=200-1505.html
INFO: [HLS 200-2174] Applying component config ini file hls_config.cfg
INFO: [HLS 200-1465] Applying config ini 'syn.file=../RISCV-RV32I-H1/riscv32i.cc' from hls_config.cfg(7)
INFO: [HLS 200-10] Adding design file 'C:/Users/aa099259/GitHub_personal/hls_riscv_ELEC5803/RISCV-RV32I-H1/riscv32i.cc' to the project
INFO: [HLS 200-1465] Applying config ini 'syn.file=../RISCV-RV32I-H1/riscv32i.h' from hls_config.cfg(8)
INFO: [HLS 200-10] Adding design file 'C:/Users/aa099259/GitHub_personal/hls_riscv_ELEC5803/RISCV-RV32I-H1/riscv32i.h' to the project
INFO: [HLS 200-1465] Applying config ini 'tb.file=../RISCV-RV32I-H1/riscv32i_tb.cc' from hls_config.cfg(11)
INFO: [HLS 200-10] Adding test bench file 'C:/Users/aa099259/GitHub_personal/hls_riscv_ELEC5803/RISCV-RV32I-H1/riscv32i_tb.cc' to the project
INFO: [HLS 200-1465] Applying config ini 'tb.file=../RISCV-RV32I-H1/mem.txt' from hls_config.cfg(12)
INFO: [HLS 200-10] Adding test bench file 'C:/Users/aa099259/GitHub_personal/hls_riscv_ELEC5803/RISCV-RV32I-H1/mem.txt' to the project
INFO: [HLS 200-1465] Applying config ini 'tb.file=loop.c' from hls_config.cfg(13)
INFO: [HLS 200-10] Adding test bench file 'C:/Users/aa099259/GitHub_personal/hls_riscv_ELEC5803/hls_riscv_csim_phase1/loop.c' to the project
INFO: [HLS 200-1465] Applying config ini 'syn.top=cpu' from hls_config.cfg(10)
INFO: [HLS 200-1465] Applying config ini 'flow_target=vivado' from hls_config.cfg(4)
INFO: [HLS 200-1505] Using flow_target 'vivado'
Resolution: For help on HLS 200-1505 see docs.amd.com/access/sources/dita/topic?Doc_Version=2025.2%20English&url=ug1448-hls-guidance&resourceid=200-1505.html
INFO: [HLS 200-1465] Applying config ini 'part=xa7z010clg225-1I' from hls_config.cfg(1)
INFO: [HLS 200-1465] Applying config ini 'clock=10ns' from hls_config.cfg(9)
INFO: [SYN 201-201] Setting up clock 'default' with a period of 10ns.
INFO: [HLS 200-1465] Applying config ini 'package.output.format=ip_catalog' from hls_config.cfg(5)
INFO: [HLS 200-2176] Writing Vitis IDE component file C:/Users/aa099259/GitHub_personal/hls_riscv_ELEC5803/hls_riscv_csim_phase1/hls_riscv_csim_phase1/vitis-comp.json
INFO: [COSIM 212-47] Using XSIM for RTL simulation.
INFO: [COSIM 212-14] Instrumenting C test bench ...
   Build using "C:/AMDDesignTools/2025.2/Vitis/win64/tools/clang-16/bin/clang++"
   Compiling apatb_cpu.cpp
   Compiling riscv32i.cc_pre.cc.tb.cc
   Compiling riscv32i_tb.cc_pre.cc.tb.cc
   Compiling loop.c_pre.c.tb.c
   Compiling apatb_cpu_ir.ll
   Generating cosim.tv.exe
In file included from apatb_cpu.cpp:14:
In file included from C:/AMDDesignTools/2025.2/Vitis/include\ap_fixed.h:9:
In file included from C:/AMDDesignTools/2025.2/Vitis/include\etc/ap_common.h:668:
In file included from C:/AMDDesignTools/2025.2/Vitis/include\etc/ap_private.h:68:
In file included from C:/AMDDesignTools/2025.2/Vitis/include\hls_half.h:26:
In file included from C:/AMDDesignTools/2025.2/Vitis/include/etc/hls_half_fpo.h:19:
In file included from C:/AMDDesignTools/2025.2/Vitis/include\hls_fpo.h:140:
In file included from C:/AMDDesignTools/2025.2/Vitis/include/floating_point_v7_1_bitacc_cmodel.h:150:
C:/AMDDesignTools/2025.2/Vitis/include\gmp.h:58:9: warning: '__GMP_LIBGMP_DLL' macro redefined [-Wmacro-redefined]
#define __GMP_LIBGMP_DLL  0
        ^
C:/AMDDesignTools/2025.2/Vitis/include/floating_point_v7_1_bitacc_cmodel.h:142:9: note: previous definition is here
#define __GMP_LIBGMP_DLL 1
        ^
1 warning generated.
In file included from C:/Users/aa099259/GitHub_personal/hls_riscv_ELEC5803/RISCV-RV32I-H1/riscv32i.cc:6:
In file included from C:/Users/aa099259/GitHub_personal/hls_riscv_ELEC5803/RISCV-RV32I-H1/riscv32i.h:8:
In file included from C:/AMDDesignTools/2025.2/Vitis/include\ap_int.h:10:
In file included from C:/AMDDesignTools/2025.2/Vitis/include\etc/ap_common.h:668:
In file included from C:/AMDDesignTools/2025.2/Vitis/include\etc/ap_private.h:68:
In file included from C:/AMDDesignTools/2025.2/Vitis/include\hls_half.h:26:
In file included from C:/AMDDesignTools/2025.2/Vitis/include/etc/hls_half_fpo.h:19:
In file included from C:/AMDDesignTools/2025.2/Vitis/include\hls_fpo.h:140:
In file included from C:/AMDDesignTools/2025.2/Vitis/include/floating_point_v7_1_bitacc_cmodel.h:150:
C:/AMDDesignTools/2025.2/Vitis/include\gmp.h:2304:345: warning: equality comparison with extraneous parentheses [-Wparentheses-equality]
  do { mp_size_t __gmp_i; mp_limb_t __gmp_x; __gmp_i = (__gmp_ysize); if (__gmp_i != 0) { if (__gmpn_add_n (__gmp_wp, __gmp_xp, __gmp_yp, __gmp_i)) { do { if (__gmp_i >= (__gmp_xsize)) { (__gmp_c) = 1; goto __gmp_done; } __gmp_x = (__gmp_xp)[__gmp_i]; } while ((((__gmp_wp)[__gmp_i++] = (__gmp_x + 1) & ((~ (static_cast<mp_limb_t> (0))) >> 0)) == 0)); } } if ((__gmp_wp) != (__gmp_xp)) do { mp_size_t __gmp_j; for (__gmp_j = (__gmp_i); __gmp_j < (__gmp_xsize); __gmp_j++) (__gmp_wp)[__gmp_j] = (__gmp_xp)[__gmp_j]; } while (0); (__gmp_c) = 0; __gmp_done: ; } while (0);
                                                                                                                                                                                                                                                                      ~~~~~~~~~~~~~~~~~~~~~~~~~~~~~~~~~~~~~~~~~~~~~~~~~~~~~~~~~~~~~~~~~~~~~~~~~~~~~~~~~~^~~~
C:/AMDDesignTools/2025.2/Vitis/include\gmp.h:2304:345: note: remove extraneous parentheses around the comparison to silence this warning
  do { mp_size_t __gmp_i; mp_limb_t __gmp_x; __gmp_i = (__gmp_ysize); if (__gmp_i != 0) { if (__gmpn_add_n (__gmp_wp, __gmp_xp, __gmp_yp, __gmp_i)) { do { if (__gmp_i >= (__gmp_xsize)) { (__gmp_c) = 1; goto __gmp_done; } __gmp_x = (__gmp_xp)[__gmp_i]; } while ((((__gmp_wp)[__gmp_i++] = (__gmp_x + 1) & ((~ (static_cast<mp_limb_t> (0))) >> 0)) == 0)); } } if ((__gmp_wp) != (__gmp_xp)) do { mp_size_t __gmp_j; for (__gmp_j = (__gmp_i); __gmp_j < (__gmp_xsize); __gmp_j++) (__gmp_wp)[__gmp_j] = (__gmp_xp)[__gmp_j]; } while (0); (__gmp_c) = 0; __gmp_done: ; } while (0);
                                                                                                                                                                                                                                                                     ~                                                                                  ^   ~
C:/AMDDesignTools/2025.2/Vitis/include\gmp.h:2304:345: note: use '=' to turn this equality comparison into an assignment
  do { mp_size_t __gmp_i; mp_limb_t __gmp_x; __gmp_i = (__gmp_ysize); if (__gmp_i != 0) { if (__gmpn_add_n (__gmp_wp, __gmp_xp, __gmp_yp, __gmp_i)) { do { if (__gmp_i >= (__gmp_xsize)) { (__gmp_c) = 1; goto __gmp_done; } __gmp_x = (__gmp_xp)[__gmp_i]; } while ((((__gmp_wp)[__gmp_i++] = (__gmp_x + 1) & ((~ (static_cast<mp_limb_t> (0))) >> 0)) == 0)); } } if ((__gmp_wp) != (__gmp_xp)) do { mp_size_t __gmp_j; for (__gmp_j = (__gmp_i); __gmp_j < (__gmp_xsize); __gmp_j++) (__gmp_wp)[__gmp_j] = (__gmp_xp)[__gmp_j]; } while (0); (__gmp_c) = 0; __gmp_done: ; } while (0);
                                                                                                                                                                                                                                                                                                                                                        ^~
                                                                                                                                                                                                                                                                                                                                                        =
In file included from C:/Users/aa099259/GitHub_personal/hls_riscv_ELEC5803/RISCV-RV32I-H1/riscv32i.cc:6:
In file included from C:/Users/aa099259/GitHub_personal/hls_riscv_ELEC5803/RISCV-RV32I-H1/riscv32i.h:8:
In file included from C:/AMDDesignTools/2025.2/Vitis/include\ap_int.h:10:
In file included from C:/AMDDesignTools/2025.2/Vitis/include\etc/ap_common.h:668:
In file included from C:/AMDDesignTools/2025.2/Vitis/include\etc/ap_private.h:68:
In file included from C:/AMDDesignTools/2025.2/Vitis/include\hls_half.h:26:
C:/AMDDesignTools/2025.2/Vitis/include/etc/hls_half_fpo.h:375:30: warning: equality comparison with extraneous parentheses [-Wparentheses-equality]
        if (((fr)->_mpfr_exp == (0 - ((mpfr_exp_t) (((mpfr_uexp_t) -1) >> 1))))) {
             ~~~~~~~~~~~~~~~~^~~~~~~~~~~~~~~~~~~~~~~~~~~~~~~~~~~~~~~~~~~~~~~~~
C:/AMDDesignTools/2025.2/Vitis/include/etc/hls_half_fpo.h:375:30: note: remove extraneous parentheses around the comparison to silence this warning
        if (((fr)->_mpfr_exp == (0 - ((mpfr_exp_t) (((mpfr_uexp_t) -1) >> 1))))) {
            ~                ^                                                ~
C:/AMDDesignTools/2025.2/Vitis/include/etc/hls_half_fpo.h:375:30: note: use '=' to turn this equality comparison into an assignment
        if (((fr)->_mpfr_exp == (0 - ((mpfr_exp_t) (((mpfr_uexp_t) -1) >> 1))))) {
                             ^~
                             =
C:/AMDDesignTools/2025.2/Vitis/include/etc/hls_half_fpo.h:377:37: warning: equality comparison with extraneous parentheses [-Wparentheses-equality]
        } else if (((fr)->_mpfr_exp == (2 - ((mpfr_exp_t) (((mpfr_uexp_t) -1) >> 1))))) {
                    ~~~~~~~~~~~~~~~~^~~~~~~~~~~~~~~~~~~~~~~~~~~~~~~~~~~~~~~~~~~~~~~~~
C:/AMDDesignTools/2025.2/Vitis/include/etc/hls_half_fpo.h:377:37: note: remove extraneous parentheses around the comparison to silence this warning
        } else if (((fr)->_mpfr_exp == (2 - ((mpfr_exp_t) (((mpfr_uexp_t) -1) >> 1))))) {
                   ~                ^                                                ~
C:/AMDDesignTools/2025.2/Vitis/include/etc/hls_half_fpo.h:377:37: note: use '=' to turn this equality comparison into an assignment
        } else if (((fr)->_mpfr_exp == (2 - ((mpfr_exp_t) (((mpfr_uexp_t) -1) >> 1))))) {
                                    ^~
                                    =
C:/AMDDesignTools/2025.2/Vitis/include/etc/hls_half_fpo.h:379:37: warning: equality comparison with extraneous parentheses [-Wparentheses-equality]
        } else if (((fr)->_mpfr_exp == (1 - ((mpfr_exp_t) (((mpfr_uexp_t) -1) >> 1))))) {
                    ~~~~~~~~~~~~~~~~^~~~~~~~~~~~~~~~~~~~~~~~~~~~~~~~~~~~~~~~~~~~~~~~~
C:/AMDDesignTools/2025.2/Vitis/include/etc/hls_half_fpo.h:379:37: note: remove extraneous parentheses around the comparison to silence this warning
        } else if (((fr)->_mpfr_exp == (1 - ((mpfr_exp_t) (((mpfr_uexp_t) -1) >> 1))))) {
                   ~                ^                                                ~
C:/AMDDesignTools/2025.2/Vitis/include/etc/hls_half_fpo.h:379:37: note: use '=' to turn this equality comparison into an assignment
        } else if (((fr)->_mpfr_exp == (1 - ((mpfr_exp_t) (((mpfr_uexp_t) -1) >> 1))))) {
                                    ^~
                                    =
In file included from C:/Users/aa099259/GitHub_personal/hls_riscv_ELEC5803/RISCV-RV32I-H1/riscv32i.cc:6:
In file included from C:/Users/aa099259/GitHub_personal/hls_riscv_ELEC5803/RISCV-RV32I-H1/riscv32i.h:8:
In file included from C:/AMDDesignTools/2025.2/Vitis/include\ap_int.h:11:
C:/AMDDesignTools/2025.2/Vitis/include\etc/ap_int_base.h:394:22: warning: equality comparison with extraneous parentheses [-Wparentheses-equality]
    do { if ((length == 0)) { fprintf((__acrt_iob_func(2)), "WARNING: " "ap_int<> is being initialized with an empty C string, which can result in undefined behavior during simulation/synthesis"); fprintf((__acrt_iob_func(2)), "\n"); } } while (0);
              ~~~~~~~^~~~
C:/AMDDesignTools/2025.2/Vitis/include\etc/ap_int_base.h:394:22: note: remove extraneous parentheses around the comparison to silence this warning
    do { if ((length == 0)) { fprintf((__acrt_iob_func(2)), "WARNING: " "ap_int<> is being initialized with an empty C string, which can result in undefined behavior during simulation/synthesis"); fprintf((__acrt_iob_func(2)), "\n"); } } while (0);
             ~       ^   ~
C:/AMDDesignTools/2025.2/Vitis/include\etc/ap_int_base.h:394:22: note: use '=' to turn this equality comparison into an assignment
    do { if ((length == 0)) { fprintf((__acrt_iob_func(2)), "WARNING: " "ap_int<> is being initialized with an empty C string, which can result in undefined behavior during simulation/synthesis"); fprintf((__acrt_iob_func(2)), "\n"); } } while (0);
                     ^~
                     =
In file included from C:/Users/aa099259/GitHub_personal/hls_riscv_ELEC5803/RISCV-RV32I-H1/riscv32i.cc:6:
In file included from C:/Users/aa099259/GitHub_personal/hls_riscv_ELEC5803/RISCV-RV32I-H1/riscv32i.h:8:
In file included from C:/AMDDesignTools/2025.2/Vitis/include\ap_int.h:439:
In file included from C:/AMDDesignTools/2025.2/Vitis/include\ap_fixed.h:10:
C:/AMDDesignTools/2025.2/Vitis/include\etc/ap_fixed_base.h:447:21: warning: equality comparison with extraneous parentheses [-Wparentheses-equality]
    do { if ((radix == 0)) { fprintf((__acrt_iob_func(2)), "ERROR: " "ap_fixed_base(const char* \"%s\", %d), str=%s, radix = %d", s, rd, str.c_str(), radix); fprintf((__acrt_iob_func(2)), "\n"); abort(); } } while (0);
              ~~~~~~^~~~
C:/AMDDesignTools/2025.2/Vitis/include\etc/ap_fixed_base.h:447:21: note: remove extraneous parentheses around the comparison to silence this warning
    do { if ((radix == 0)) { fprintf((__acrt_iob_func(2)), "ERROR: " "ap_fixed_base(const char* \"%s\", %d), str=%s, radix = %d", s, rd, str.c_str(), radix); fprintf((__acrt_iob_func(2)), "\n"); abort(); } } while (0);
             ~      ^   ~
C:/AMDDesignTools/2025.2/Vitis/include\etc/ap_fixed_base.h:447:21: note: use '=' to turn this equality comparison into an assignment
    do { if ((radix == 0)) { fprintf((__acrt_iob_func(2)), "ERROR: " "ap_fixed_base(const char* \"%s\", %d), str=%s, radix = %d", s, rd, str.c_str(), radix); fprintf((__acrt_iob_func(2)), "\n"); abort(); } } while (0);
                    ^~
                    =
6 warnings generated.
In file included from C:/Users/aa099259/GitHub_personal/hls_riscv_ELEC5803/RISCV-RV32I-H1/riscv32i_tb.cc:4:
In file included from C:/Users/aa099259/GitHub_personal/hls_riscv_ELEC5803/RISCV-RV32I-H1/riscv32i.h:8:
In file included from C:/AMDDesignTools/2025.2/Vitis/include\ap_int.h:10:
In file included from C:/AMDDesignTools/2025.2/Vitis/include\etc/ap_common.h:668:
In file included from C:/AMDDesignTools/2025.2/Vitis/include\etc/ap_private.h:68:
In file included from C:/AMDDesignTools/2025.2/Vitis/include\hls_half.h:26:
In file included from C:/AMDDesignTools/2025.2/Vitis/include/etc/hls_half_fpo.h:19:
In file included from C:/AMDDesignTools/2025.2/Vitis/include\hls_fpo.h:140:
In file included from C:/AMDDesignTools/2025.2/Vitis/include/floating_point_v7_1_bitacc_cmodel.h:150:
C:/AMDDesignTools/2025.2/Vitis/include\gmp.h:2304:345: warning: equality comparison with extraneous parentheses [-Wparentheses-equality]
  do { mp_size_t __gmp_i; mp_limb_t __gmp_x; __gmp_i = (__gmp_ysize); if (__gmp_i != 0) { if (__gmpn_add_n (__gmp_wp, __gmp_xp, __gmp_yp, __gmp_i)) { do { if (__gmp_i >= (__gmp_xsize)) { (__gmp_c) = 1; goto __gmp_done; } __gmp_x = (__gmp_xp)[__gmp_i]; } while ((((__gmp_wp)[__gmp_i++] = (__gmp_x + 1) & ((~ (static_cast<mp_limb_t> (0))) >> 0)) == 0)); } } if ((__gmp_wp) != (__gmp_xp)) do { mp_size_t __gmp_j; for (__gmp_j = (__gmp_i); __gmp_j < (__gmp_xsize); __gmp_j++) (__gmp_wp)[__gmp_j] = (__gmp_xp)[__gmp_j]; } while (0); (__gmp_c) = 0; __gmp_done: ; } while (0);
                                                                                                                                                                                                                                                                      ~~~~~~~~~~~~~~~~~~~~~~~~~~~~~~~~~~~~~~~~~~~~~~~~~~~~~~~~~~~~~~~~~~~~~~~~~~~~~~~~~~^~~~
C:/AMDDesignTools/2025.2/Vitis/include\gmp.h:2304:345: note: remove extraneous parentheses around the comparison to silence this warning
  do { mp_size_t __gmp_i; mp_limb_t __gmp_x; __gmp_i = (__gmp_ysize); if (__gmp_i != 0) { if (__gmpn_add_n (__gmp_wp, __gmp_xp, __gmp_yp, __gmp_i)) { do { if (__gmp_i >= (__gmp_xsize)) { (__gmp_c) = 1; goto __gmp_done; } __gmp_x = (__gmp_xp)[__gmp_i]; } while ((((__gmp_wp)[__gmp_i++] = (__gmp_x + 1) & ((~ (static_cast<mp_limb_t> (0))) >> 0)) == 0)); } } if ((__gmp_wp) != (__gmp_xp)) do { mp_size_t __gmp_j; for (__gmp_j = (__gmp_i); __gmp_j < (__gmp_xsize); __gmp_j++) (__gmp_wp)[__gmp_j] = (__gmp_xp)[__gmp_j]; } while (0); (__gmp_c) = 0; __gmp_done: ; } while (0);
                                                                                                                                                                                                                                                                     ~                                                                                  ^   ~
C:/AMDDesignTools/2025.2/Vitis/include\gmp.h:2304:345: note: use '=' to turn this equality comparison into an assignment
  do { mp_size_t __gmp_i; mp_limb_t __gmp_x; __gmp_i = (__gmp_ysize); if (__gmp_i != 0) { if (__gmpn_add_n (__gmp_wp, __gmp_xp, __gmp_yp, __gmp_i)) { do { if (__gmp_i >= (__gmp_xsize)) { (__gmp_c) = 1; goto __gmp_done; } __gmp_x = (__gmp_xp)[__gmp_i]; } while ((((__gmp_wp)[__gmp_i++] = (__gmp_x + 1) & ((~ (static_cast<mp_limb_t> (0))) >> 0)) == 0)); } } if ((__gmp_wp) != (__gmp_xp)) do { mp_size_t __gmp_j; for (__gmp_j = (__gmp_i); __gmp_j < (__gmp_xsize); __gmp_j++) (__gmp_wp)[__gmp_j] = (__gmp_xp)[__gmp_j]; } while (0); (__gmp_c) = 0; __gmp_done: ; } while (0);
                                                                                                                                                                                                                                                                                                                                                        ^~
                                                                                                                                                                                                                                                                                                                                                        =
In file included from C:/Users/aa099259/GitHub_personal/hls_riscv_ELEC5803/RISCV-RV32I-H1/riscv32i_tb.cc:4:
In file included from C:/Users/aa099259/GitHub_personal/hls_riscv_ELEC5803/RISCV-RV32I-H1/riscv32i.h:8:
In file included from C:/AMDDesignTools/2025.2/Vitis/include\ap_int.h:10:
In file included from C:/AMDDesignTools/2025.2/Vitis/include\etc/ap_common.h:668:
In file included from C:/AMDDesignTools/2025.2/Vitis/include\etc/ap_private.h:68:
In file included from C:/AMDDesignTools/2025.2/Vitis/include\hls_half.h:26:
C:/AMDDesignTools/2025.2/Vitis/include/etc/hls_half_fpo.h:375:30: warning: equality comparison with extraneous parentheses [-Wparentheses-equality]
        if (((fr)->_mpfr_exp == (0 - ((mpfr_exp_t) (((mpfr_uexp_t) -1) >> 1))))) {
             ~~~~~~~~~~~~~~~~^~~~~~~~~~~~~~~~~~~~~~~~~~~~~~~~~~~~~~~~~~~~~~~~~
C:/AMDDesignTools/2025.2/Vitis/include/etc/hls_half_fpo.h:375:30: note: remove extraneous parentheses around the comparison to silence this warning
        if (((fr)->_mpfr_exp == (0 - ((mpfr_exp_t) (((mpfr_uexp_t) -1) >> 1))))) {
            ~                ^                                                ~
C:/AMDDesignTools/2025.2/Vitis/include/etc/hls_half_fpo.h:375:30: note: use '=' to turn this equality comparison into an assignment
        if (((fr)->_mpfr_exp == (0 - ((mpfr_exp_t) (((mpfr_uexp_t) -1) >> 1))))) {
                             ^~
                             =
C:/AMDDesignTools/2025.2/Vitis/include/etc/hls_half_fpo.h:377:37: warning: equality comparison with extraneous parentheses [-Wparentheses-equality]
        } else if (((fr)->_mpfr_exp == (2 - ((mpfr_exp_t) (((mpfr_uexp_t) -1) >> 1))))) {
                    ~~~~~~~~~~~~~~~~^~~~~~~~~~~~~~~~~~~~~~~~~~~~~~~~~~~~~~~~~~~~~~~~~
C:/AMDDesignTools/2025.2/Vitis/include/etc/hls_half_fpo.h:377:37: note: remove extraneous parentheses around the comparison to silence this warning
        } else if (((fr)->_mpfr_exp == (2 - ((mpfr_exp_t) (((mpfr_uexp_t) -1) >> 1))))) {
                   ~                ^                                                ~
C:/AMDDesignTools/2025.2/Vitis/include/etc/hls_half_fpo.h:377:37: note: use '=' to turn this equality comparison into an assignment
        } else if (((fr)->_mpfr_exp == (2 - ((mpfr_exp_t) (((mpfr_uexp_t) -1) >> 1))))) {
                                    ^~
                                    =
C:/AMDDesignTools/2025.2/Vitis/include/etc/hls_half_fpo.h:379:37: warning: equality comparison with extraneous parentheses [-Wparentheses-equality]
        } else if (((fr)->_mpfr_exp == (1 - ((mpfr_exp_t) (((mpfr_uexp_t) -1) >> 1))))) {
                    ~~~~~~~~~~~~~~~~^~~~~~~~~~~~~~~~~~~~~~~~~~~~~~~~~~~~~~~~~~~~~~~~~
C:/AMDDesignTools/2025.2/Vitis/include/etc/hls_half_fpo.h:379:37: note: remove extraneous parentheses around the comparison to silence this warning
        } else if (((fr)->_mpfr_exp == (1 - ((mpfr_exp_t) (((mpfr_uexp_t) -1) >> 1))))) {
                   ~                ^                                                ~
C:/AMDDesignTools/2025.2/Vitis/include/etc/hls_half_fpo.h:379:37: note: use '=' to turn this equality comparison into an assignment
        } else if (((fr)->_mpfr_exp == (1 - ((mpfr_exp_t) (((mpfr_uexp_t) -1) >> 1))))) {
                                    ^~
                                    =
In file included from C:/Users/aa099259/GitHub_personal/hls_riscv_ELEC5803/RISCV-RV32I-H1/riscv32i_tb.cc:4:
In file included from C:/Users/aa099259/GitHub_personal/hls_riscv_ELEC5803/RISCV-RV32I-H1/riscv32i.h:8:
In file included from C:/AMDDesignTools/2025.2/Vitis/include\ap_int.h:11:
C:/AMDDesignTools/2025.2/Vitis/include\etc/ap_int_base.h:394:22: warning: equality comparison with extraneous parentheses [-Wparentheses-equality]
    do { if ((length == 0)) { fprintf((__acrt_iob_func(2)), "WARNING: " "ap_int<> is being initialized with an empty C string, which can result in undefined behavior during simulation/synthesis"); fprintf((__acrt_iob_func(2)), "\n"); } } while (0);
              ~~~~~~~^~~~
C:/AMDDesignTools/2025.2/Vitis/include\etc/ap_int_base.h:394:22: note: remove extraneous parentheses around the comparison to silence this warning
    do { if ((length == 0)) { fprintf((__acrt_iob_func(2)), "WARNING: " "ap_int<> is being initialized with an empty C string, which can result in undefined behavior during simulation/synthesis"); fprintf((__acrt_iob_func(2)), "\n"); } } while (0);
             ~       ^   ~
C:/AMDDesignTools/2025.2/Vitis/include\etc/ap_int_base.h:394:22: note: use '=' to turn this equality comparison into an assignment
    do { if ((length == 0)) { fprintf((__acrt_iob_func(2)), "WARNING: " "ap_int<> is being initialized with an empty C string, which can result in undefined behavior during simulation/synthesis"); fprintf((__acrt_iob_func(2)), "\n"); } } while (0);
                     ^~
                     =
In file included from C:/Users/aa099259/GitHub_personal/hls_riscv_ELEC5803/RISCV-RV32I-H1/riscv32i_tb.cc:4:
In file included from C:/Users/aa099259/GitHub_personal/hls_riscv_ELEC5803/RISCV-RV32I-H1/riscv32i.h:8:
In file included from C:/AMDDesignTools/2025.2/Vitis/include\ap_int.h:439:
In file included from C:/AMDDesignTools/2025.2/Vitis/include\ap_fixed.h:10:
C:/AMDDesignTools/2025.2/Vitis/include\etc/ap_fixed_base.h:447:21: warning: equality comparison with extraneous parentheses [-Wparentheses-equality]
    do { if ((radix == 0)) { fprintf((__acrt_iob_func(2)), "ERROR: " "ap_fixed_base(const char* \"%s\", %d), str=%s, radix = %d", s, rd, str.c_str(), radix); fprintf((__acrt_iob_func(2)), "\n"); abort(); } } while (0);
              ~~~~~~^~~~
C:/AMDDesignTools/2025.2/Vitis/include\etc/ap_fixed_base.h:447:21: note: remove extraneous parentheses around the comparison to silence this warning
    do { if ((radix == 0)) { fprintf((__acrt_iob_func(2)), "ERROR: " "ap_fixed_base(const char* \"%s\", %d), str=%s, radix = %d", s, rd, str.c_str(), radix); fprintf((__acrt_iob_func(2)), "\n"); abort(); } } while (0);
             ~      ^   ~
C:/AMDDesignTools/2025.2/Vitis/include\etc/ap_fixed_base.h:447:21: note: use '=' to turn this equality comparison into an assignment
    do { if ((radix == 0)) { fprintf((__acrt_iob_func(2)), "ERROR: " "ap_fixed_base(const char* \"%s\", %d), str=%s, radix = %d", s, rd, str.c_str(), radix); fprintf((__acrt_iob_func(2)), "\n"); abort(); } } while (0);
                    ^~
                    =
6 warnings generated.
e-m:e-i64:64-i128:128-i256:256-i512:512-i1024:1024-i2048:2048-i4096:4096-n8:16:32:64-S128-v16:16-v24:32-v32:32-v48:64-v96:128-v192:256-v256:256-v512:512-v1024:1024ld.lld: error: duplicate symbol: main
>>> defined at C:/Users/aa099259/GitHub_personal/hls_riscv_ELEC5803/RISCV-RV32I-H1\riscv32i_tb.cc:8
>>>            obj/riscv32i_tb.cc_pre.cc.tb.o
>>> defined at C:/Users/aa099259/GitHub_personal/hls_riscv_ELEC5803/hls_riscv_csim_phase1\loop.c:3
>>>            obj/loop.c_pre.c.tb.o
clang++: error: linker command failed with exit code 1 (use -v to see invocation)
mingw32-make: *** [Makefile.rules:333: cosim.tv.exe] Error 1
ERROR: [COSIM 212-317] C++ compile error.
ERROR: [COSIM 212-321] EXE file generate failed.
ERROR: [COSIM 212-321] EXE file generate failed.
ERROR: [COSIM 212-331] Aborting co-simulation: C simulation failed, compilation errors.
ERROR: [COSIM 212-5] *** C/RTL co-simulation file generation failed. ***
ERROR: [COSIM 212-4] *** C/RTL co-simulation finished: FAIL ***
ERROR: 
INFO: [HLS 200-112] Total CPU user time: 0 seconds. Total CPU system time: 1 seconds. Total elapsed time: 28.016 seconds; peak allocated memory: 215.277 MB.
