Vivado Simulator v2025.2
Copyright 1986-2022 Xilinx, Inc. All Rights Reserved.
Copyright 2022-2025 Advanced Micro Devices, Inc. All Rights Reserved.
Running: C:/AMDDesignTools/2025.2/Vivado/bin/unwrapped/win64.o/xelab.exe --incr --debug typical --relax --mt 2 --maxdelay -L xil_defaultlib -L simprims_ver -L secureip --snapshot cpu_time_synth -transport_int_delays -pulse_r 0 -pulse_int_r 0 -pulse_e 0 -pulse_int_e 0 xil_defaultlib.cpu xil_defaultlib.glbl -log elaborate.log 
Using 2 slave threads.
Starting static elaboration
Pass Through NonSizing Optimizer
Completed static elaboration
Starting simulation data flow analysis
Completed simulation data flow analysis
INFO: [XSIM 43-3451] SDF backannotation process started with SDF file "cpu_time_synth.sdf", for root module "cpu".
INFO: [XSIM 43-3452] SDF backannotation was successful for SDF file "cpu_time_synth.sdf", for root module "cpu".
Time Resolution for simulation is 1ps
Compiling module simprims_ver.FDSE_default
Compiling module simprims_ver.FDRE_default
Compiling module simprims_ver.BUFG
Compiling module simprims_ver.IBUF
Compiling module simprims_ver.OBUF
Compiling module simprims_ver.x_lut2_mux4
Compiling module simprims_ver.LUT2
Compiling module simprims_ver.x_lut3_mux8
Compiling module simprims_ver.LUT3
Compiling module simprims_ver.LUT6
Compiling module simprims_ver.LUT5
Compiling module simprims_ver.LUT4
Compiling module simprims_ver.x_lut1_mux2
Compiling module simprims_ver.LUT1(INIT=2'b01)
Compiling module simprims_ver.CARRY4
Compiling module xil_defaultlib.cpu_cpu_Pipeline_PROGRAM_LOOP
Compiling module xil_defaultlib.cpu_flow_control_loop_pipe_seque...
Compiling module xil_defaultlib.cpu_cpu_Pipeline_VITIS_LOOP_22_1
Compiling module simprims_ver.RB36_INTERNAL_VLOG(DOB_REG=1,REA...
Compiling module simprims_ver.RAMB36E1(DOB_REG=1,READ_WIDTH_A=...
Compiling module xil_defaultlib.cpu_reg_file_RAM_1WNR_AUTO_1R1W
Compiling module xil_defaultlib.cpu
Compiling module xil_defaultlib.glbl
Built simulation snapshot cpu_time_synth
