

================================================================
== Vitis HLS Report for 'cpu'
================================================================
* Date:           Sun Jan 25 20:17:48 2026

* Version:        2025.2 (Build 6295257 on Nov 12 2025)
* Project:        hls_riscv_csim_phase1
* Solution:       hls (Vivado IP Flow Target)
* Product family: azynq
* Target device:  xa7z010-clg225-1I


================================================================
== Performance Estimates
================================================================
+ Timing: 
    * Summary: 
    +--------+----------+----------+------------+
    |  Clock |  Target  | Estimated| Uncertainty|
    +--------+----------+----------+------------+
    |ap_clk  |  10.00 ns|  6.667 ns|     2.70 ns|
    +--------+----------+----------+------------+

+ Latency: 
    * Summary: 
    +---------+---------+----------+----------+-----+-----+---------+
    |  Latency (cycles) |  Latency (absolute) |  Interval | Pipeline|
    |   min   |   max   |    min   |    max   | min | max |   Type  |
    +---------+---------+----------+----------+-----+-----+---------+
    |        ?|        ?|         ?|         ?|    ?|    ?|       no|
    +---------+---------+----------+----------+-----+-----+---------+

    + Detail: 
        * Instance: 
        +----------------------------------------+------------------------------+---------+---------+----------+----------+-----+-----+-------------------+
        |                                        |                              |  Latency (cycles) |  Latency (absolute) |  Interval |      Pipeline     |
        |                Instance                |            Module            |   min   |   max   |    min   |    max   | min | max |        Type       |
        +----------------------------------------+------------------------------+---------+---------+----------+----------+-----+-----+-------------------+
        |grp_cpu_Pipeline_VITIS_LOOP_22_1_fu_32  |cpu_Pipeline_VITIS_LOOP_22_1  |       34|       34|  0.340 us|  0.340 us|    0|    0|  loop pipeline stp|
        |grp_cpu_Pipeline_PROGRAM_LOOP_fu_38     |cpu_Pipeline_PROGRAM_LOOP     |        ?|        ?|         ?|         ?|    ?|    ?|                 no|
        +----------------------------------------+------------------------------+---------+---------+----------+----------+-----+-----+-------------------+

        * Loop: 
        N/A



================================================================
== Utilization Estimates
================================================================
* Summary: 
+-----------------+---------+----+-------+-------+-----+
|       Name      | BRAM_18K| DSP|   FF  |  LUT  | URAM|
+-----------------+---------+----+-------+-------+-----+
|DSP              |        -|   -|      -|      -|    -|
|Expression       |        -|   -|      -|      -|    -|
|FIFO             |        -|   -|      -|      -|    -|
|Instance         |        -|   -|    457|   1610|    -|
|Memory           |        2|   -|      0|      0|    0|
|Multiplexer      |        -|   -|      0|     99|    -|
|Register         |        -|   -|     10|      -|    -|
+-----------------+---------+----+-------+-------+-----+
|Total            |        2|   0|    467|   1709|    0|
+-----------------+---------+----+-------+-------+-----+
|Available        |      120|  80|  35200|  17600|    0|
+-----------------+---------+----+-------+-------+-----+
|Utilization (%)  |        1|   0|      1|      9|    0|
+-----------------+---------+----+-------+-------+-----+

+ Detail: 
    * Instance: 
    +----------------------------------------+------------------------------+---------+----+-----+------+-----+
    |                Instance                |            Module            | BRAM_18K| DSP|  FF |  LUT | URAM|
    +----------------------------------------+------------------------------+---------+----+-----+------+-----+
    |grp_cpu_Pipeline_PROGRAM_LOOP_fu_38     |cpu_Pipeline_PROGRAM_LOOP     |        0|   0|  449|  1555|    0|
    |grp_cpu_Pipeline_VITIS_LOOP_22_1_fu_32  |cpu_Pipeline_VITIS_LOOP_22_1  |        0|   0|    8|    55|    0|
    +----------------------------------------+------------------------------+---------+----+-----+------+-----+
    |Total                                   |                              |        0|   0|  457|  1610|    0|
    +----------------------------------------+------------------------------+---------+----+-----+------+-----+

    * DSP: 
    N/A

    * Memory: 
    +------------+-----------------------------+---------+---+----+-----+------+-----+------+-------------+
    |   Memory   |            Module           | BRAM_18K| FF| LUT| URAM| Words| Bits| Banks| W*Bits*Banks|
    +------------+-----------------------------+---------+---+----+-----+------+-----+------+-------------+
    |reg_file_U  |reg_file_RAM_1WNR_AUTO_1R1W  |        2|  0|   0|    0|    32|   32|     1|         1024|
    +------------+-----------------------------+---------+---+----+-----+------+-----+------+-------------+
    |Total       |                             |        2|  0|   0|    0|    32|   32|     1|         1024|
    +------------+-----------------------------+---------+---+----+-----+------+-----+------+-------------+

    * FIFO: 
    N/A

    * Expression: 
    N/A

    * Multiplexer: 
    +-------------------+----+-----------+-----+-----------+
    |        Name       | LUT| Input Size| Bits| Total Bits|
    +-------------------+----+-----------+-----+-----------+
    |ap_NS_fsm          |  25|          5|    1|          5|
    |pstrb              |   9|          2|    4|          8|
    |reg_file_address0  |  14|          3|    5|         15|
    |reg_file_ce0       |  14|          3|    1|          3|
    |reg_file_ce1       |   9|          2|    1|          2|
    |reg_file_d0        |  14|          3|   32|         96|
    |reg_file_we0       |  14|          3|    1|          3|
    +-------------------+----+-----------+-----+-----------+
    |Total              |  99|         21|   45|        132|
    +-------------------+----+-----------+-----+-----------+

    * Register: 
    +-----------------------------------------------------+---+----+-----+-----------+
    |                         Name                        | FF| LUT| Bits| Const Bits|
    +-----------------------------------------------------+---+----+-----+-----------+
    |ap_CS_fsm                                            |  4|   0|    4|          0|
    |grp_cpu_Pipeline_PROGRAM_LOOP_fu_38_ap_start_reg     |  1|   0|    1|          0|
    |grp_cpu_Pipeline_VITIS_LOOP_22_1_fu_32_ap_start_reg  |  1|   0|    1|          0|
    |pstrb_reg                                            |  4|   0|    4|          0|
    +-----------------------------------------------------+---+----+-----+-----------+
    |Total                                                | 10|   0|   10|          0|
    +-----------------------------------------------------+---+----+-----+-----------+



================================================================
== Interface
================================================================
* Summary: 
+--------------+-----+-----+------------+--------------+--------------+
|   RTL Ports  | Dir | Bits|  Protocol  | Source Object|    C Type    |
+--------------+-----+-----+------------+--------------+--------------+
|ap_clk        |   in|    1|  ap_ctrl_hs|           cpu|  return value|
|ap_rst        |   in|    1|  ap_ctrl_hs|           cpu|  return value|
|ap_start      |   in|    1|  ap_ctrl_hs|           cpu|  return value|
|ap_done       |  out|    1|  ap_ctrl_hs|           cpu|  return value|
|ap_idle       |  out|    1|  ap_ctrl_hs|           cpu|  return value|
|ap_ready      |  out|    1|  ap_ctrl_hs|           cpu|  return value|
|mem_address0  |  out|   10|   ap_memory|           mem|         array|
|mem_ce0       |  out|    1|   ap_memory|           mem|         array|
|mem_we0       |  out|    1|   ap_memory|           mem|         array|
|mem_d0        |  out|   32|   ap_memory|           mem|         array|
|mem_q0        |   in|   32|   ap_memory|           mem|         array|
|pstrb         |  out|    4|     ap_none|         pstrb|       pointer|
+--------------+-----+-----+------------+--------------+--------------+

