

================================================================
== Synthesis Summary Report of 'cpu'
================================================================
+ General Information: 
    * Date:           Sun Jan 25 20:17:48 2026
    * Version:        2025.2 (Build 6295257 on Nov 12 2025)
    * Project:        hls_riscv_csim_phase1
    * Solution:       hls (Vivado IP Flow Target)
    * Product family: azynq
    * Target device:  xa7z010-clg225-1I
    

* Performance & Resource Estimates: 
+---------------------------------+------+-------------------+----------+---------+------+----------+---------+---------+------+--------+----+----------+-----------+-----+
|             Modules             | Issue|                   | Iteration|         | Trip |          |      Latency      |      |        |    |          |           |     |
|             & Loops             | Type |   Violation Type  |  Latency | Interval| Count| Pipelined| (cycles)|   (ns)  | Slack|  BRAM  | DSP|    FF    |    LUT    | URAM|
+---------------------------------+------+-------------------+----------+---------+------+----------+---------+---------+------+--------+----+----------+-----------+-----+
|+ cpu                            |     -|                  -|         -|        -|     -|        no|        -|        -|  0.63|  2 (1%)|   -|  467 (1%)|  1709 (9%)|    -|
| + cpu_Pipeline_VITIS_LOOP_22_1  |     -|                  -|         -|        -|     -|       yes|       34|  340.000|  0.63|       -|   -|   8 (~0%)|   55 (~0%)|    -|
|  o VITIS_LOOP_22_1              |     -|                  -|         1|        1|    32|       yes|       32|  320.000|  7.30|       -|   -|         -|          -|    -|
| + cpu_Pipeline_PROGRAM_LOOP     |     -|                  -|         -|        -|     -|        no|        -|        -|  1.03|       -|   -|  449 (1%)|  1555 (8%)|    -|
|  o PROGRAM_LOOP                 |    II|  Memory Dependency|         5|        5|     -|       yes|        -|        -|  7.30|       -|   -|         -|          -|    -|
+---------------------------------+------+-------------------+----------+---------+------+----------+---------+---------+------+--------+----+----------+-----------+-----+
    II Violation Information: docs.amd.com/access/sources/dita/topic?Doc_Version=2025.2%20English&url=ug1448-hls-guidance&resourceid=200-880.html
    Name Prefix: '+' for module, 'o' for loop, '*' for dataflow


================================================================
== HW Interfaces
================================================================
* AP_MEMORY
+--------------+-----------+----------+
| Port         | Direction | Bitwidth |
+--------------+-----------+----------+
| mem_address0 | out       | 10       |
| mem_d0       | out       | 32       |
| mem_q0       | in        | 32       |
+--------------+-----------+----------+

* Other Ports
+-------+---------+-----------+----------+
| Port  | Mode    | Direction | Bitwidth |
+-------+---------+-----------+----------+
| pstrb | ap_none | out       | 4        |
+-------+---------+-----------+----------+

* TOP LEVEL CONTROL
+-----------+------------+-----------------------------------+
| Interface | Type       | Ports                             |
+-----------+------------+-----------------------------------+
| ap_clk    | clock      | ap_clk                            |
| ap_rst    | reset      | ap_rst                            |
| ap_ctrl   | ap_ctrl_hs | ap_done ap_idle ap_ready ap_start |
+-----------+------------+-----------------------------------+


================================================================
== SW I/O Information
================================================================
* Top Function Arguments
+----------+-----------+--------------+
| Argument | Direction | Datatype     |
+----------+-----------+--------------+
| mem      | inout     | ap_uint<32>* |
| pstrb    | out       | pointer      |
+----------+-----------+--------------+

* SW-to-HW Mapping
+----------+--------------+---------+----------+
| Argument | HW Interface | HW Type | HW Usage |
+----------+--------------+---------+----------+
| mem      | mem_address0 | port    | offset   |
| mem      | mem_ce0      | port    |          |
| mem      | mem_we0      | port    |          |
| mem      | mem_d0       | port    |          |
| mem      | mem_q0       | port    |          |
| pstrb    | pstrb        | port    |          |
+----------+--------------+---------+----------+


================================================================
== Bind Op Report
================================================================
+---------------------------------+-----+--------+--------------+--------+-----------+---------+
| Name                            | DSP | Pragma | Variable     | Op     | Impl      | Latency |
+---------------------------------+-----+--------+--------------+--------+-----------+---------+
| + cpu                           | 0   |        |              |        |           |         |
|  + cpu_Pipeline_VITIS_LOOP_22_1 | 0   |        |              |        |           |         |
|    icmp_ln22_fu_54_p2           |     |        | icmp_ln22    | seteq  | auto      | 0       |
|    add_ln22_fu_60_p2            |     |        | add_ln22     | add    | fabric    | 0       |
|  + cpu_Pipeline_PROGRAM_LOOP    | 0   |        |              |        |           |         |
|    icmp_ln47_fu_512_p2          |     |        | icmp_ln47    | seteq  | auto      | 0       |
|    func7_1_fu_518_p3            |     |        | func7_1      | select | auto_sel  | 0       |
|    icmp_ln95_fu_757_p2          |     |        | icmp_ln95    | seteq  | auto      | 0       |
|    addr_fu_768_p2               |     |        | addr         | add    | fabric    | 0       |
|    res_b_fu_777_p2              |     |        | res_b        | add    | fabric    | 0       |
|    pc_2_fu_782_p2               |     |        | pc_2         | add    | fabric    | 0       |
|    grp_fu_435_p2                |     |        | icmp_ln213   | setlt  | auto      | 0       |
|    xor_ln213_fu_829_p2          |     |        | xor_ln213    | xor    | auto      | 0       |
|    res_j_8_fu_835_p3            |     |        | res_j_8      | select | auto_sel  | 0       |
|    grp_fu_435_p2                |     |        | icmp_ln210   | setlt  | auto      | 0       |
|    res_j_7_fu_843_p3            |     |        | res_j_7      | select | auto_sel  | 0       |
|    grp_fu_440_p2                |     |        | icmp_ln207   | setlt  | auto      | 0       |
|    xor_ln207_fu_851_p2          |     |        | xor_ln207    | xor    | auto      | 0       |
|    res_j_6_fu_857_p3            |     |        | res_j_6      | select | auto_sel  | 0       |
|    grp_fu_440_p2                |     |        | icmp_ln204   | setlt  | auto      | 0       |
|    res_j_5_fu_865_p3            |     |        | res_j_5      | select | auto_sel  | 0       |
|    icmp_ln201_fu_873_p2         |     |        | icmp_ln201   | setne  | auto      | 0       |
|    res_j_4_fu_878_p3            |     |        | res_j_4      | select | auto_sel  | 0       |
|    icmp_ln198_fu_886_p2         |     |        | icmp_ln198   | seteq  | auto      | 0       |
|    res_j_3_fu_891_p3            |     |        | res_j_3      | select | auto_sel  | 0       |
|    icmp_ln155_fu_908_p2         |     |        | icmp_ln155   | seteq  | auto      | 0       |
|    grp_fu_435_p2                |     |        | res_12       | setlt  | auto      | 0       |
|    grp_fu_440_p2                |     |        | res_11       | setlt  | auto      | 0       |
|    res_10_fu_973_p2             |     |        | res_10       | ashr   | auto_pipe | 0       |
|    res_9_fu_978_p2              |     |        | res_9        | lshr   | auto_pipe | 0       |
|    res_8_fu_983_p2              |     |        | res_8        | shl    | auto_pipe | 0       |
|    res_7_fu_988_p2              |     |        | res_7        | and    | auto      | 0       |
|    res_6_fu_993_p2              |     |        | res_6        | or     | auto      | 0       |
|    res_5_fu_998_p2              |     |        | res_5        | xor    | auto      | 0       |
|    res_4_fu_1003_p2             |     |        | res_4        | sub    | fabric    | 0       |
|    res_3_fu_1008_p2             |     |        | res_3        | add    | fabric    | 0       |
|    res_fu_1013_p2               |     |        | res          | add    | fabric    | 0       |
|    icmp_ln244_fu_1061_p2        |     |        | icmp_ln244   | seteq  | auto      | 0       |
|    icmp_ln251_fu_1080_p2        |     |        | icmp_ln251   | seteq  | auto      | 0       |
|    icmp_ln13_fu_1089_p2         |     |        | icmp_ln13    | seteq  | auto      | 0       |
|    icmp_ln13_1_fu_1094_p2       |     |        | icmp_ln13_1  | seteq  | auto      | 0       |
|    or_ln13_fu_1099_p2           |     |        | or_ln13      | or     | auto      | 0       |
|    icmp_ln13_2_fu_1105_p2       |     |        | icmp_ln13_2  | seteq  | auto      | 0       |
|    or_ln13_1_fu_1110_p2         |     |        | or_ln13_1    | or     | auto      | 0       |
|    icmp_ln256_fu_1123_p2        |     |        | icmp_ln256   | setne  | auto      | 0       |
|    select_ln256_fu_1129_p3      |     |        | select_ln256 | select | auto_sel  | 0       |
+---------------------------------+-----+--------+--------------+--------+-----------+---------+


================================================================
== Storage Report
================================================================
+--------------+--------------+------+------+------+--------+----------+------+---------+------------------+
| Name         | Usage        | Type | BRAM | URAM | Pragma | Variable | Impl | Latency | Bitwidth, Depth, |
|              |              |      |      |      |        |          |      |         | Banks            |
+--------------+--------------+------+------+------+--------+----------+------+---------+------------------+
| + cpu        |              |      | 2    | 0    |        |          |      |         |                  |
|   reg_file_U | rom_np array |      | 2    |      |        | reg_file | auto | 1       | 32, 32, 1        |
+--------------+--------------+------+------+------+--------+----------+------+---------+------------------+


================================================================
== Pragma Report
================================================================
* Pragmas with Warnings
+----------+-------------------------------+-------------------------------------------+----------------------------------------------------------------------------------------------------------------------------------+
| Type     | Options                       | Location                                  | Messages                                                                                                                         |
+----------+-------------------------------+-------------------------------------------+----------------------------------------------------------------------------------------------------------------------------------+
| RESOURCE | variable=mem core=RAM_1P_BRAM | in cpu (../RISCV-RV32I-H1/riscv32i.cc:16) | 'Resource pragma' is deprecated, use 'bind_op/bind_storage pragma' instead                                                       |
|          |                               |                                           | The resource pragma (bind_storage) on top-level function argument, in 'call' is unsupported, please use INTERFACE pragma instead |
+----------+-------------------------------+-------------------------------------------+----------------------------------------------------------------------------------------------------------------------------------+

* Inferred Pragmas
+----------+---------+------------------------------------------------------------------------------------------------------+-------------------------------+
| Type     | Options | Location                                                                                             | Inferred From                 |
+----------+---------+------------------------------------------------------------------------------------------------------+-------------------------------+
| PIPELINE |         | loop VITIS_LOOP_22_1 (../RISCV-RV32I-H1/riscv32i.cc:22:20) in cpu (../RISCV-RV32I-H1/riscv32i.cc:22) | syn.compile.pipeline_loops=64 |
| PIPELINE |         | loop PROGRAM_LOOP (../RISCV-RV32I-H1/riscv32i.cc:29:17) in cpu (../RISCV-RV32I-H1/riscv32i.cc:29)    | syn.compile.pipeline_loops=64 |
+----------+---------+------------------------------------------------------------------------------------------------------+-------------------------------+

* Valid Pragma Syntax
+-----------+--------------------+-------------------------------------------+
| Type      | Options            | Location                                  |
+-----------+--------------------+-------------------------------------------+
| INTERFACE | ap_none port=pstrb | in cpu (../RISCV-RV32I-H1/riscv32i.cc:15) |
+-----------+--------------------+-------------------------------------------+


